<html>
<body>
<pre>
<h1>µVision Build Log</h1>
<h2>Tool Versions:</h2>
IDE-Version: µVision V5.29.0.0
Copyright (C) 2019 ARM Ltd and ARM Germany GmbH. All rights reserved.
License Information: Allison McKinney, university of wisconsin- madison, LIC=----
 
Tool Versions:
Toolchain:       MDK-Lite  Version: 5.29.0.0
Toolchain Path:  C:\Keil_v5\ARM\ARMCC\Bin
C Compiler:      Armcc.exe V5.06 update 6 (build 750)
Assembler:       Armasm.exe V5.06 update 6 (build 750)
Linker/Locator:  ArmLink.exe V5.06 update 6 (build 750)
Library Manager: ArmAr.exe V5.06 update 6 (build 750)
Hex Converter:   FromElf.exe V5.06 update 6 (build 750)
CPU DLL:         SARMCM3.DLL V5.29.0.0
Dialog DLL:      DCM.DLL V1.17.3.0
Target DLL:      lmidk-agdi.dll V???
Dialog DLL:      TCM.DLL V1.36.5.0
 
<h2>Project:</h2>
Z:\Documents\GitHub\353FinalProject\Project\Project.uvprojx
Project File Date:  05/03/2020

<h2>Output:</h2>
*** Using Compiler 'V5.06 update 6 (build 750)', folder: 'C:\Keil_v5\ARM\ARMCC\Bin'
Build target 'Project-F19'
compiling main.c...
hw3.h(96): warning:  #1295-D: Deprecated declaration lcd_draw_coins - give arg types
  void lcd_draw_coins();                
hw3.h(105): warning:  #1-D: last line of file ends without a newline
  #endif    
main.c(56): warning:  #177-D: variable "td_status"  was declared but never referenced
    i2c_status_t td_status;
main.c(57): warning:  #177-D: variable "x_status"  was declared but never referenced
    i2c_status_t x_status;
main.c(58): warning:  #177-D: variable "y_status"  was declared but never referenced
    i2c_status_t y_status;
main.c(61): warning:  #177-D: variable "msg"  was declared but never referenced
        char msg[80];
main.c(113): warning:  #186-D: pointless comparison of unsigned integer with zero
                                } else if((y >= 60 & y <= 120) & (x >= 0 & x <= 100)) {
main.c(93): warning:  #177-D: variable "td_status"  was declared but never referenced
    i2c_status_t td_status;
main.c(94): warning:  #177-D: variable "x_status"  was declared but never referenced
    i2c_status_t x_status;
main.c(95): warning:  #177-D: variable "y_status"  was declared but never referenced
    i2c_status_t y_status;
main.c(98): warning:  #177-D: variable "msg"  was declared but never referenced
        char msg[80];
main.c(147): warning:  #1-D: last line of file ends without a newline
        
main.c: 12 warnings, 0 errors
compiling project_interrupts.c...
hw3.h(96): warning:  #1295-D: Deprecated declaration lcd_draw_coins - give arg types
  void lcd_draw_coins();                
hw3.h(105): warning:  #1-D: last line of file ends without a newline
  #endif    
project_interrupts.c: 2 warnings, 0 errors
compiling hw3.c...
hw3.h(96): warning:  #1295-D: Deprecated declaration lcd_draw_coins - give arg types
  void lcd_draw_coins();                
hw3.h(105): warning:  #1-D: last line of file ends without a newline
  #endif    
hw3.c(74): warning:  #111-D: statement is unreachable
                                break;
hw3.c(79): warning:  #111-D: statement is unreachable
                                break;
hw3.c(84): warning:  #111-D: statement is unreachable
                        return false;
hw3.c(87): warning:  #940-D: missing return statement at end of non-void function "contact_edge" 
  }
hw3.c(287): warning:  #940-D: missing return statement at end of non-void function "check_win" 
  }
hw3.c(414): warning:  #1-D: last line of file ends without a newline
                }               
hw3.c(414): warning:  #940-D: missing return statement at end of non-void function "hw3_main" 
                }               
hw3.c(296): warning:  #177-D: variable "str"  was declared but never referenced
        char str[20];
hw3.c(297): warning:  #177-D: variable "check_win"  was declared but never referenced
        bool check_win = false;
hw3.c(298): warning:  #177-D: variable "i"  was declared but never referenced
        int i;
hw3.c: 12 warnings, 0 errors
linking...
Program Size: Code=12372 RO-data=11960 RW-data=156 ZI-data=4124  
".\obj\ece353_base_project.axf" - 0 Error(s), 26 Warning(s).

<h2>Software Packages used:</h2>

Package Vendor: ARM
                http://www.keil.com/pack/ARM.CMSIS.5.6.0.pack
                ARM.CMSIS.5.6.0
                CMSIS (Cortex Microcontroller Software Interface Standard)
   * Component: CORE Version: 5.3.0

Package Vendor: Keil
                http://www.keil.com/pack/Keil.TM4C_DFP.1.1.0.pack
                Keil.TM4C_DFP.1.1.0
                Texas Instruments Tiva C Series Device Support and Examples
   * Component: Startup Version: 1.0.1

<h2>Collection of Component include folders:</h2>
  .\RTE\_Project-F19
  C:\Users\Allison McKinney\AppData\Local\Arm\Packs\ARM\CMSIS\5.6.0\CMSIS\Core\Include
  C:\Users\Allison McKinney\AppData\Local\Arm\Packs\Keil\TM4C_DFP\1.1.0\Device\Include\TM4C123

<h2>Collection of Component Files used:</h2>

   * Component: ARM::CMSIS:CORE:5.3.0

   * Component: Keil::Device:Startup:1.0.1
      Source file:   Device\Source\system_TM4C123.c
      Include file:  Device\Include\TM4C123\TM4C123.h
      Source file:   Device\Source\ARM\startup_TM4C123.s
Build Time Elapsed:  00:00:07
</pre>
</body>
</html>
