Component: ARM Compiler 5.06 update 6 (build 750) Tool: armlink [4d35ed]

==============================================================================

Section Cross References

    main.o(.text) refers to hw2.o(.text) for initialize_serial_debug
    main.o(.text) refers to hw3.o(.text) for hw3_main
    main.o(.text) refers to hw3.o(.data) for STUDENT_NAME
    hw3_staff.o(.text) refers to hw3_staff.o(.data) for lfsr
    hw3_staff.o(.text) refers to hw3_staff.o(.constdata) for MOV_DIR
    hw3.o(.text) refers to dfltui.o(.text) for __aeabi_ui2d
    hw3.o(.text) refers to dmul.o(.text) for __aeabi_dmul
    hw3.o(.text) refers to dadd.o(.text) for __aeabi_dsub
    hw3.o(.text) refers to cdcmple.o(.text) for __aeabi_cdcmple
    hw3.o(.text) refers to cdrcmple.o(.text) for __aeabi_cdrcmple
    hw3.o(.text) refers to lcd.o(.text) for lcd_config_gpio
    hw3.o(.text) refers to ps2-new.o(.text) for ps2_initialize
    hw3.o(.text) refers to timers.o(.text) for gp_timer_config_32
    hw3.o(.text) refers to hw3.o(.data) for ALERT_SPACE_SHIP
    hw3.o(.text) refers to hw3_images.o(.constdata) for space_shipBitmaps
    hw3_interrupts.o(.text) refers to hw3.o(.text) for contact_edge
    hw3_interrupts.o(.text) refers to hw3_staff.o(.text) for get_new_direction
    hw3_interrupts.o(.text) refers to hw3_interrupts.o(.data) for PS2_X_DATA
    hw3_interrupts.o(.text) refers to hw3_images.o(.constdata) for invaderWidthPixels
    hw3_interrupts.o(.text) refers to hw3.o(.data) for INVADER_Y_COORD
    lcd.o(.text) refers to gpio_port.o(.text) for gpio_enable_port
    ps2-new.o(.text) refers to gpio_port.o(.text) for gpio_enable_port
    startup_tm4c123.o(RESET) refers to startup_tm4c123.o(STACK) for __initial_sp
    startup_tm4c123.o(RESET) refers to startup_tm4c123.o(.text) for Reset_Handler
    startup_tm4c123.o(RESET) refers to hw3_interrupts.o(.text) for ADC0SS2_Handler
    startup_tm4c123.o(.text) refers to system_tm4c123.o(.text) for SystemInit
    startup_tm4c123.o(.text) refers to entry.o(.ARM.Collect$$$$00000000) for __main
    system_tm4c123.o(.text) refers to system_tm4c123.o(.data) for SystemCoreClock
    entry.o(.ARM.Collect$$$$00000000) refers (Special) to entry10a.o(.ARM.Collect$$$$0000000D) for __rt_final_cpp
    entry.o(.ARM.Collect$$$$00000000) refers (Special) to entry11a.o(.ARM.Collect$$$$0000000F) for __rt_final_exit
    entry.o(.ARM.Collect$$$$00000000) refers (Special) to entry7b.o(.ARM.Collect$$$$00000008) for _main_clock
    entry.o(.ARM.Collect$$$$00000000) refers (Special) to entry8b.o(.ARM.Collect$$$$0000000A) for _main_cpp_init
    entry.o(.ARM.Collect$$$$00000000) refers (Special) to entry9a.o(.ARM.Collect$$$$0000000B) for _main_init
    entry.o(.ARM.Collect$$$$00000000) refers (Special) to entry5.o(.ARM.Collect$$$$00000004) for _main_scatterload
    entry.o(.ARM.Collect$$$$00000000) refers (Special) to entry2.o(.ARM.Collect$$$$00000001) for _main_stk
    dadd.o(.text) refers (Special) to iusefp.o(.text) for __I$use$fp
    dadd.o(.text) refers to llshl.o(.text) for __aeabi_llsl
    dadd.o(.text) refers to llsshr.o(.text) for __aeabi_lasr
    dadd.o(.text) refers to depilogue.o(.text) for _double_epilogue
    dmul.o(.text) refers (Special) to iusefp.o(.text) for __I$use$fp
    dmul.o(.text) refers to depilogue.o(.text) for _double_epilogue
    dfltui.o(.text) refers (Special) to iusefp.o(.text) for __I$use$fp
    dfltui.o(.text) refers to depilogue.o(.text) for _double_epilogue
    cdcmple.o(.text) refers (Special) to iusefp.o(.text) for __I$use$fp
    cdrcmple.o(.text) refers (Special) to iusefp.o(.text) for __I$use$fp
    entry2.o(.ARM.Collect$$$$00000001) refers to entry2.o(.ARM.Collect$$$$00002712) for __lit__00000000
    entry2.o(.ARM.Collect$$$$00002712) refers to startup_tm4c123.o(STACK) for __initial_sp
    entry2.o(__vectab_stack_and_reset_area) refers to startup_tm4c123.o(STACK) for __initial_sp
    entry2.o(__vectab_stack_and_reset_area) refers to entry.o(.ARM.Collect$$$$00000000) for __main
    entry5.o(.ARM.Collect$$$$00000004) refers to init.o(.text) for __scatterload
    entry9a.o(.ARM.Collect$$$$0000000B) refers to main.o(.text) for main
    entry9b.o(.ARM.Collect$$$$0000000C) refers to main.o(.text) for main
    depilogue.o(.text) refers to llshl.o(.text) for __aeabi_llsl
    depilogue.o(.text) refers to llushr.o(.text) for __aeabi_llsr
    init.o(.text) refers to entry5.o(.ARM.Collect$$$$00000004) for __main_after_scatterload


==============================================================================

Removing Unused input sections from the image.

    Removing main.o(.rev16_text), (4 bytes).
    Removing main.o(.revsh_text), (4 bytes).
    Removing main.o(.rrx_text), (6 bytes).
    Removing hw3_staff.o(.rev16_text), (4 bytes).
    Removing hw3_staff.o(.revsh_text), (4 bytes).
    Removing hw3_staff.o(.rrx_text), (6 bytes).
    Removing hw3.o(.rev16_text), (4 bytes).
    Removing hw3.o(.revsh_text), (4 bytes).
    Removing hw3.o(.rrx_text), (6 bytes).
    Removing hw3_interrupts.o(.rev16_text), (4 bytes).
    Removing hw3_interrupts.o(.revsh_text), (4 bytes).
    Removing hw3_interrupts.o(.rrx_text), (6 bytes).
    Removing gpio_port.o(.rev16_text), (4 bytes).
    Removing gpio_port.o(.revsh_text), (4 bytes).
    Removing gpio_port.o(.rrx_text), (6 bytes).
    Removing timers.o(.rev16_text), (4 bytes).
    Removing timers.o(.revsh_text), (4 bytes).
    Removing timers.o(.rrx_text), (6 bytes).
    Removing adc.o(.rev16_text), (4 bytes).
    Removing adc.o(.revsh_text), (4 bytes).
    Removing adc.o(.rrx_text), (6 bytes).
    Removing adc.o(.text), (296 bytes).
    Removing lcd.o(.rev16_text), (4 bytes).
    Removing lcd.o(.revsh_text), (4 bytes).
    Removing lcd.o(.rrx_text), (6 bytes).
    Removing ps2-new.o(.rev16_text), (4 bytes).
    Removing ps2-new.o(.revsh_text), (4 bytes).
    Removing ps2-new.o(.rrx_text), (6 bytes).
    Removing startup_tm4c123.o(HEAP), (0 bytes).
    Removing system_tm4c123.o(.rev16_text), (4 bytes).
    Removing system_tm4c123.o(.revsh_text), (4 bytes).
    Removing system_tm4c123.o(.rrx_text), (6 bytes).
    Removing hw2.o(.rev16_text), (4 bytes).
    Removing hw2.o(.revsh_text), (4 bytes).
    Removing hw2.o(.rrx_text), (6 bytes).

35 unused section(s) (total 450 bytes) removed from the image.

==============================================================================

Image Symbol Table

    Local Symbols

    Symbol Name                              Value     Ov Type        Size  Object(Section)

    RESET                                    0x00000000   Section      620  startup_tm4c123.o(RESET)
    ../clib/microlib/init/entry.s            0x00000000   Number         0  entry.o ABSOLUTE
    ../clib/microlib/init/entry.s            0x00000000   Number         0  entry11a.o ABSOLUTE
    ../clib/microlib/init/entry.s            0x00000000   Number         0  entry10b.o ABSOLUTE
    ../clib/microlib/init/entry.s            0x00000000   Number         0  entry9b.o ABSOLUTE
    ../clib/microlib/init/entry.s            0x00000000   Number         0  entry11b.o ABSOLUTE
    ../clib/microlib/init/entry.s            0x00000000   Number         0  entry5.o ABSOLUTE
    ../clib/microlib/init/entry.s            0x00000000   Number         0  entry7a.o ABSOLUTE
    ../clib/microlib/init/entry.s            0x00000000   Number         0  entry2.o ABSOLUTE
    ../clib/microlib/init/entry.s            0x00000000   Number         0  entry7b.o ABSOLUTE
    ../clib/microlib/init/entry.s            0x00000000   Number         0  entry8a.o ABSOLUTE
    ../clib/microlib/init/entry.s            0x00000000   Number         0  entry8b.o ABSOLUTE
    ../clib/microlib/init/entry.s            0x00000000   Number         0  entry9a.o ABSOLUTE
    ../clib/microlib/init/entry.s            0x00000000   Number         0  entry10a.o ABSOLUTE
    ../clib/microlib/longlong.c              0x00000000   Number         0  llshl.o ABSOLUTE
    ../clib/microlib/longlong.c              0x00000000   Number         0  llsshr.o ABSOLUTE
    ../clib/microlib/longlong.c              0x00000000   Number         0  llushr.o ABSOLUTE
    ../clib/microlib/stubs.s                 0x00000000   Number         0  iusefp.o ABSOLUTE
    ../fplib/microlib/fpadd.c                0x00000000   Number         0  dadd.o ABSOLUTE
    ../fplib/microlib/fpepilogue.c           0x00000000   Number         0  depilogue.o ABSOLUTE
    ../fplib/microlib/fpflt.c                0x00000000   Number         0  dfltui.o ABSOLUTE
    ../fplib/microlib/fpmul.c                0x00000000   Number         0  dmul.o ABSOLUTE
    ..\\drivers\\c\\adc.c                    0x00000000   Number         0  adc.o ABSOLUTE
    ..\\drivers\\c\\gpio_port.c              0x00000000   Number         0  gpio_port.o ABSOLUTE
    ..\\drivers\\c\\timers.c                 0x00000000   Number         0  timers.o ABSOLUTE
    ..\\peripherals\\c\\lcd.c                0x00000000   Number         0  lcd.o ABSOLUTE
    ..\drivers\c\adc.c                       0x00000000   Number         0  adc.o ABSOLUTE
    ..\drivers\c\gpio_port.c                 0x00000000   Number         0  gpio_port.o ABSOLUTE
    ..\drivers\c\timers.c                    0x00000000   Number         0  timers.o ABSOLUTE
    ..\peripherals\c\lcd.c                   0x00000000   Number         0  lcd.o ABSOLUTE
    RTE\Device\TM4C123GH6PM\startup_TM4C123.s 0x00000000   Number         0  startup_tm4c123.o ABSOLUTE
    RTE\Device\TM4C123GH6PM\system_TM4C123.c 0x00000000   Number         0  system_tm4c123.o ABSOLUTE
    RTE\\Device\\TM4C123GH6PM\\system_TM4C123.c 0x00000000   Number         0  system_tm4c123.o ABSOLUTE
    cdcmple.s                                0x00000000   Number         0  cdcmple.o ABSOLUTE
    cdrcmple.s                               0x00000000   Number         0  cdrcmple.o ABSOLUTE
    dc.s                                     0x00000000   Number         0  dc.o ABSOLUTE
    handlers.s                               0x00000000   Number         0  handlers.o ABSOLUTE
    hw2.c                                    0x00000000   Number         0  hw2.o ABSOLUTE
    hw2.c                                    0x00000000   Number         0  hw2.o ABSOLUTE
    hw3.c                                    0x00000000   Number         0  hw3.o ABSOLUTE
    hw3.c                                    0x00000000   Number         0  hw3.o ABSOLUTE
    hw3_images.c                             0x00000000   Number         0  hw3_images.o ABSOLUTE
    hw3_interrupts.c                         0x00000000   Number         0  hw3_interrupts.o ABSOLUTE
    hw3_interrupts.c                         0x00000000   Number         0  hw3_interrupts.o ABSOLUTE
    hw3_staff.c                              0x00000000   Number         0  hw3_staff.o ABSOLUTE
    hw3_staff.c                              0x00000000   Number         0  hw3_staff.o ABSOLUTE
    init.s                                   0x00000000   Number         0  init.o ABSOLUTE
    main.c                                   0x00000000   Number         0  main.o ABSOLUTE
    main.c                                   0x00000000   Number         0  main.o ABSOLUTE
    ps2-new.c                                0x00000000   Number         0  ps2-new.o ABSOLUTE
    ps2-new.c                                0x00000000   Number         0  ps2-new.o ABSOLUTE
    .ARM.Collect$$$$00000000                 0x0000026c   Section        0  entry.o(.ARM.Collect$$$$00000000)
    .ARM.Collect$$$$00000001                 0x0000026c   Section        4  entry2.o(.ARM.Collect$$$$00000001)
    .ARM.Collect$$$$00000004                 0x00000270   Section        4  entry5.o(.ARM.Collect$$$$00000004)
    .ARM.Collect$$$$00000008                 0x00000274   Section        0  entry7b.o(.ARM.Collect$$$$00000008)
    .ARM.Collect$$$$0000000A                 0x00000274   Section        0  entry8b.o(.ARM.Collect$$$$0000000A)
    .ARM.Collect$$$$0000000B                 0x00000274   Section        8  entry9a.o(.ARM.Collect$$$$0000000B)
    .ARM.Collect$$$$0000000D                 0x0000027c   Section        0  entry10a.o(.ARM.Collect$$$$0000000D)
    .ARM.Collect$$$$0000000F                 0x0000027c   Section        0  entry11a.o(.ARM.Collect$$$$0000000F)
    .ARM.Collect$$$$00002712                 0x0000027c   Section        4  entry2.o(.ARM.Collect$$$$00002712)
    __lit__00000000                          0x0000027c   Data           4  entry2.o(.ARM.Collect$$$$00002712)
    .text                                    0x00000280   Section        0  main.o(.text)
    .text                                    0x00000314   Section        0  hw3_staff.o(.text)
    .text                                    0x00000390   Section        0  hw3.o(.text)
    .text                                    0x0000079c   Section        0  hw3_interrupts.o(.text)
    .text                                    0x00000944   Section        0  gpio_port.o(.text)
    verify_base_addr                         0x00000945   Thumb Code    64  gpio_port.o(.text)
    .text                                    0x00000c08   Section        0  timers.o(.text)
    verify_base_addr                         0x00000c09   Thumb Code    64  timers.o(.text)
    get_clock_masks                          0x00000c93   Thumb Code   106  timers.o(.text)
    .text                                    0x00000e50   Section        0  lcd.o(.text)
    lcd_write_cmd_u8                         0x00000e6b   Thumb Code    40  lcd.o(.text)
    lcd_write_data_u8                        0x00000e93   Thumb Code    28  lcd.o(.text)
    lcd_write_data_u16                       0x00000eaf   Thumb Code    48  lcd.o(.text)
    .text                                    0x00001998   Section        0  ps2-new.o(.text)
    initialize_adc_gpio_pins                 0x00001999   Thumb Code    34  ps2-new.o(.text)
    ps2_configure_adc                        0x000019bb   Thumb Code   118  ps2-new.o(.text)
    .text                                    0x00001ab0   Section      252  startup_tm4c123.o(.text)
    $v0                                      0x00001ab0   Number         0  startup_tm4c123.o(.text)
    .text                                    0x00001bac   Section        0  system_tm4c123.o(.text)
    getOscClk                                0x00001bad   Thumb Code   182  system_tm4c123.o(.text)
    .text                                    0x00001df8   Section        0  hw2.o(.text)
    .text                                    0x00001f48   Section        0  dadd.o(.text)
    .text                                    0x00002096   Section        0  dmul.o(.text)
    .text                                    0x0000217a   Section        0  dfltui.o(.text)
    .text                                    0x00002194   Section       48  cdcmple.o(.text)
    .text                                    0x000021c4   Section       48  cdrcmple.o(.text)
    .text                                    0x000021f4   Section        0  llshl.o(.text)
    .text                                    0x00002212   Section        0  llsshr.o(.text)
    .text                                    0x00002236   Section        0  iusefp.o(.text)
    .text                                    0x00002236   Section        0  depilogue.o(.text)
    .text                                    0x000022f0   Section       36  init.o(.text)
    .text                                    0x00002314   Section        0  llushr.o(.text)
    i.__scatterload_copy                     0x00002334   Section       14  handlers.o(i.__scatterload_copy)
    i.__scatterload_null                     0x00002342   Section        2  handlers.o(i.__scatterload_null)
    i.__scatterload_zeroinit                 0x00002344   Section       14  handlers.o(i.__scatterload_zeroinit)
    .constdata                               0x00002352   Section       20  hw3_staff.o(.constdata)
    MOVE_AMOUNT                              0x00002352   Data          16  hw3_staff.o(.constdata)
    MOV_DIR                                  0x00002362   Data           4  hw3_staff.o(.constdata)
    .constdata                               0x00002366   Section      927  hw3_images.o(.constdata)
    .data                                    0x20000000   Section        2  hw3_staff.o(.data)
    lfsr                                     0x20000000   Data           2  hw3_staff.o(.data)
    .data                                    0x20000002   Section       58  hw3.o(.data)
    .data                                    0x2000003c   Section        9  hw3_interrupts.o(.data)
    PS2_X_DATA                               0x2000003c   Data           2  hw3_interrupts.o(.data)
    PS2_Y_DATA                               0x2000003e   Data           2  hw3_interrupts.o(.data)
    PS2_DIR                                  0x20000040   Data           1  hw3_interrupts.o(.data)
    move_count                               0x20000042   Data           2  hw3_interrupts.o(.data)
    ship_dir                                 0x20000044   Data           1  hw3_interrupts.o(.data)
    .data                                    0x20000048   Section        4  system_tm4c123.o(.data)
    STACK                                    0x20000050   Section     4096  startup_tm4c123.o(STACK)

    Global Symbols

    Symbol Name                              Value     Ov Type        Size  Object(Section)

    BuildAttributes$$THM_ISAv4$E$P$D$K$B$S$7EM$VFPi3$EXTD16$VFPS$VFMA$PE$A:L22UL41UL21$X:L11$S22US41US21$IEEE1$IW$USESV6$~STKCKD$USESV7$~SHL$OSPACE$ROPI$EBA8$MICROLIB$REQ8$PRES8$EABIv2 0x00000000   Number         0  anon$$obj.o ABSOLUTE
    __ARM_use_no_argv                        0x00000000   Number         0  main.o ABSOLUTE
    __Vectors                                0x00000000   Data           4  startup_tm4c123.o(RESET)
    __cpp_initialize__aeabi_                  - Undefined Weak Reference
    __cxa_finalize                            - Undefined Weak Reference
    __decompress                              - Undefined Weak Reference
    _clock_init                               - Undefined Weak Reference
    _microlib_exit                            - Undefined Weak Reference
    __Vectors_End                            0x0000026c   Data           0  startup_tm4c123.o(RESET)
    __Vectors_Size                           0x0000026c   Number         0  startup_tm4c123.o ABSOLUTE
    __main                                   0x0000026d   Thumb Code     0  entry.o(.ARM.Collect$$$$00000000)
    _main_stk                                0x0000026d   Thumb Code     0  entry2.o(.ARM.Collect$$$$00000001)
    _main_scatterload                        0x00000271   Thumb Code     0  entry5.o(.ARM.Collect$$$$00000004)
    __main_after_scatterload                 0x00000275   Thumb Code     0  entry5.o(.ARM.Collect$$$$00000004)
    _main_clock                              0x00000275   Thumb Code     0  entry7b.o(.ARM.Collect$$$$00000008)
    _main_cpp_init                           0x00000275   Thumb Code     0  entry8b.o(.ARM.Collect$$$$0000000A)
    _main_init                               0x00000275   Thumb Code     0  entry9a.o(.ARM.Collect$$$$0000000B)
    __rt_final_cpp                           0x0000027d   Thumb Code     0  entry10a.o(.ARM.Collect$$$$0000000D)
    __rt_final_exit                          0x0000027d   Thumb Code     0  entry11a.o(.ARM.Collect$$$$0000000F)
    main                                     0x00000281   Thumb Code    42  main.o(.text)
    generate_random_number                   0x00000315   Thumb Code    48  hw3_staff.o(.text)
    get_new_direction                        0x00000345   Thumb Code    36  hw3_staff.o(.text)
    get_new_move_count                       0x00000369   Thumb Code    28  hw3_staff.o(.text)
    contact_edge                             0x00000391   Thumb Code   328  hw3.o(.text)
    move_image                               0x000004d9   Thumb Code    62  hw3.o(.text)
    check_game_over                          0x00000517   Thumb Code   280  hw3.o(.text)
    init_hardware                            0x0000062f   Thumb Code    72  hw3.o(.text)
    hw3_main                                 0x00000677   Thumb Code   194  hw3.o(.text)
    ps2_get_direction                        0x0000079d   Thumb Code    60  hw3_interrupts.o(.text)
    TIMER2A_Handler                          0x000007d9   Thumb Code    84  hw3_interrupts.o(.text)
    TIMER3A_Handler                          0x0000082d   Thumb Code   134  hw3_interrupts.o(.text)
    TIMER4A_Handler                          0x000008b3   Thumb Code    26  hw3_interrupts.o(.text)
    ADC0SS2_Handler                          0x000008cd   Thumb Code    44  hw3_interrupts.o(.text)
    gpio_get_irq_num                         0x00000985   Thumb Code    74  gpio_port.o(.text)
    gpio_enable_port                         0x000009cf   Thumb Code   156  gpio_port.o(.text)
    gpio_config_digital_enable               0x00000a6b   Thumb Code    34  gpio_port.o(.text)
    gpio_config_enable_output                0x00000a8d   Thumb Code    34  gpio_port.o(.text)
    gpio_config_enable_input                 0x00000aaf   Thumb Code    34  gpio_port.o(.text)
    gpio_config_enable_pullup                0x00000ad1   Thumb Code    34  gpio_port.o(.text)
    gpio_config_enable_pulldown              0x00000af3   Thumb Code    34  gpio_port.o(.text)
    gpio_config_analog_enable                0x00000b15   Thumb Code    34  gpio_port.o(.text)
    gpio_config_alternate_function           0x00000b37   Thumb Code    34  gpio_port.o(.text)
    gpio_config_port_control                 0x00000b59   Thumb Code    54  gpio_port.o(.text)
    gpio_config_open_drain                   0x00000b8f   Thumb Code    34  gpio_port.o(.text)
    gpio_config_falling_edge_irq             0x00000bb1   Thumb Code    56  gpio_port.o(.text)
    timer_get_irq_num                        0x00000c49   Thumb Code    74  timers.o(.text)
    gp_timer_wait                            0x00000cfd   Thumb Code    64  timers.o(.text)
    gp_timer_config_32                       0x00000d3d   Thumb Code   252  timers.o(.text)
    delayms                                  0x00000e51   Thumb Code    26  lcd.o(.text)
    lcd_set_pos                              0x00000edf   Thumb Code    58  lcd.o(.text)
    lcd_clear_screen                         0x00000f19   Thumb Code    52  lcd.o(.text)
    lcd_draw_box                             0x00000f4d   Thumb Code   138  lcd.o(.text)
    lcd_draw_rectangle                       0x00000fd7   Thumb Code    82  lcd.o(.text)
    lcd_draw_rectangle_centered              0x00001029   Thumb Code   152  lcd.o(.text)
    lcd_draw_pixel                           0x000010c1   Thumb Code    28  lcd.o(.text)
    lcd_draw_char                            0x000010dd   Thumb Code   556  lcd.o(.text)
    lcd_draw_image                           0x00001309   Thumb Code   242  lcd.o(.text)
    lcd_draw_color_image                     0x000013fb   Thumb Code   142  lcd.o(.text)
    lcd_config_gpio                          0x00001489   Thumb Code   190  lcd.o(.text)
    lcd_config_screen                        0x00001547   Thumb Code   548  lcd.o(.text)
    lcd_draw_line                            0x0000176b   Thumb Code   200  lcd.o(.text)
    lcd_draw_circle                          0x00001833   Thumb Code   356  lcd.o(.text)
    ps2_initialize_adc                       0x00001a31   Thumb Code    88  ps2-new.o(.text)
    ps2_initialize                           0x00001a89   Thumb Code    12  ps2-new.o(.text)
    ps2_get_x                                0x00001a95   Thumb Code     2  ps2-new.o(.text)
    ps2_get_y                                0x00001a97   Thumb Code     2  ps2-new.o(.text)
    Reset_Handler                            0x00001ab1   Thumb Code     8  startup_tm4c123.o(.text)
    NMI_Handler                              0x00001ab9   Thumb Code     2  startup_tm4c123.o(.text)
    HardFault_Handler                        0x00001abb   Thumb Code     2  startup_tm4c123.o(.text)
    MemManage_Handler                        0x00001abd   Thumb Code     2  startup_tm4c123.o(.text)
    BusFault_Handler                         0x00001abf   Thumb Code     2  startup_tm4c123.o(.text)
    UsageFault_Handler                       0x00001ac1   Thumb Code     2  startup_tm4c123.o(.text)
    SVC_Handler                              0x00001ac3   Thumb Code     2  startup_tm4c123.o(.text)
    DebugMon_Handler                         0x00001ac5   Thumb Code     2  startup_tm4c123.o(.text)
    PendSV_Handler                           0x00001ac7   Thumb Code     2  startup_tm4c123.o(.text)
    SysTick_Handler                          0x00001ac9   Thumb Code     2  startup_tm4c123.o(.text)
    GPIOA_Handler                            0x00001acb   Thumb Code     2  startup_tm4c123.o(.text)
    GPIOB_Handler                            0x00001acd   Thumb Code     2  startup_tm4c123.o(.text)
    GPIOC_Handler                            0x00001acf   Thumb Code     2  startup_tm4c123.o(.text)
    GPIOD_Handler                            0x00001ad1   Thumb Code     2  startup_tm4c123.o(.text)
    GPIOE_Handler                            0x00001ad3   Thumb Code     2  startup_tm4c123.o(.text)
    UART0_Handler                            0x00001ad5   Thumb Code     2  startup_tm4c123.o(.text)
    UART1_Handler                            0x00001ad7   Thumb Code     2  startup_tm4c123.o(.text)
    SSI0_Handler                             0x00001ad9   Thumb Code     2  startup_tm4c123.o(.text)
    I2C0_Handler                             0x00001adb   Thumb Code     2  startup_tm4c123.o(.text)
    PMW0_FAULT_Handler                       0x00001add   Thumb Code     2  startup_tm4c123.o(.text)
    PWM0_0_Handler                           0x00001adf   Thumb Code     2  startup_tm4c123.o(.text)
    PWM0_1_Handler                           0x00001ae1   Thumb Code     2  startup_tm4c123.o(.text)
    PWM0_2_Handler                           0x00001ae3   Thumb Code     2  startup_tm4c123.o(.text)
    QEI0_Handler                             0x00001ae5   Thumb Code     2  startup_tm4c123.o(.text)
    ADC0SS0_Handler                          0x00001ae7   Thumb Code     2  startup_tm4c123.o(.text)
    ADC0SS1_Handler                          0x00001ae9   Thumb Code     2  startup_tm4c123.o(.text)
    ADC0SS3_Handler                          0x00001aed   Thumb Code     2  startup_tm4c123.o(.text)
    WDT0_Handler                             0x00001aef   Thumb Code     2  startup_tm4c123.o(.text)
    TIMER0A_Handler                          0x00001af1   Thumb Code     2  startup_tm4c123.o(.text)
    TIMER0B_Handler                          0x00001af3   Thumb Code     2  startup_tm4c123.o(.text)
    TIMER1A_Handler                          0x00001af5   Thumb Code     2  startup_tm4c123.o(.text)
    TIMER1B_Handler                          0x00001af7   Thumb Code     2  startup_tm4c123.o(.text)
    TIMER2B_Handler                          0x00001afb   Thumb Code     2  startup_tm4c123.o(.text)
    COMP0_Handler                            0x00001afd   Thumb Code     2  startup_tm4c123.o(.text)
    COMP1_Handler                            0x00001aff   Thumb Code     2  startup_tm4c123.o(.text)
    COMP2_Handler                            0x00001b01   Thumb Code     2  startup_tm4c123.o(.text)
    SYSCTL_Handler                           0x00001b03   Thumb Code     2  startup_tm4c123.o(.text)
    FLASH_Handler                            0x00001b05   Thumb Code     2  startup_tm4c123.o(.text)
    GPIOF_Handler                            0x00001b07   Thumb Code     2  startup_tm4c123.o(.text)
    GPIOG_Handler                            0x00001b09   Thumb Code     2  startup_tm4c123.o(.text)
    GPIOH_Handler                            0x00001b0b   Thumb Code     2  startup_tm4c123.o(.text)
    UART2_Handler                            0x00001b0d   Thumb Code     2  startup_tm4c123.o(.text)
    SSI1_Handler                             0x00001b0f   Thumb Code     2  startup_tm4c123.o(.text)
    TIMER3B_Handler                          0x00001b13   Thumb Code     2  startup_tm4c123.o(.text)
    I2C1_Handler                             0x00001b15   Thumb Code     2  startup_tm4c123.o(.text)
    QEI1_Handler                             0x00001b17   Thumb Code     2  startup_tm4c123.o(.text)
    CAN0_Handler                             0x00001b19   Thumb Code     2  startup_tm4c123.o(.text)
    CAN1_Handler                             0x00001b1b   Thumb Code     2  startup_tm4c123.o(.text)
    CAN2_Handler                             0x00001b1d   Thumb Code     2  startup_tm4c123.o(.text)
    HIB_Handler                              0x00001b1f   Thumb Code     2  startup_tm4c123.o(.text)
    USB0_Handler                             0x00001b21   Thumb Code     2  startup_tm4c123.o(.text)
    PWM0_3_Handler                           0x00001b23   Thumb Code     2  startup_tm4c123.o(.text)
    UDMA_Handler                             0x00001b25   Thumb Code     2  startup_tm4c123.o(.text)
    UDMAERR_Handler                          0x00001b27   Thumb Code     2  startup_tm4c123.o(.text)
    ADC1SS0_Handler                          0x00001b29   Thumb Code     2  startup_tm4c123.o(.text)
    ADC1SS1_Handler                          0x00001b2b   Thumb Code     2  startup_tm4c123.o(.text)
    ADC1SS2_Handler                          0x00001b2d   Thumb Code     2  startup_tm4c123.o(.text)
    ADC1SS3_Handler                          0x00001b2f   Thumb Code     2  startup_tm4c123.o(.text)
    GPIOJ_Handler                            0x00001b31   Thumb Code     2  startup_tm4c123.o(.text)
    GPIOK_Handler                            0x00001b33   Thumb Code     2  startup_tm4c123.o(.text)
    GPIOL_Handler                            0x00001b35   Thumb Code     2  startup_tm4c123.o(.text)
    SSI2_Handler                             0x00001b37   Thumb Code     2  startup_tm4c123.o(.text)
    SSI3_Handler                             0x00001b39   Thumb Code     2  startup_tm4c123.o(.text)
    UART3_Handler                            0x00001b3b   Thumb Code     2  startup_tm4c123.o(.text)
    UART4_Handler                            0x00001b3d   Thumb Code     2  startup_tm4c123.o(.text)
    UART5_Handler                            0x00001b3f   Thumb Code     2  startup_tm4c123.o(.text)
    UART6_Handler                            0x00001b41   Thumb Code     2  startup_tm4c123.o(.text)
    UART7_Handler                            0x00001b43   Thumb Code     2  startup_tm4c123.o(.text)
    I2C2_Handler                             0x00001b45   Thumb Code     2  startup_tm4c123.o(.text)
    I2C3_Handler                             0x00001b47   Thumb Code     2  startup_tm4c123.o(.text)
    TIMER4B_Handler                          0x00001b4b   Thumb Code     2  startup_tm4c123.o(.text)
    TIMER5A_Handler                          0x00001b4d   Thumb Code     2  startup_tm4c123.o(.text)
    TIMER5B_Handler                          0x00001b4f   Thumb Code     2  startup_tm4c123.o(.text)
    WTIMER0A_Handler                         0x00001b51   Thumb Code     2  startup_tm4c123.o(.text)
    WTIMER0B_Handler                         0x00001b53   Thumb Code     2  startup_tm4c123.o(.text)
    WTIMER1A_Handler                         0x00001b55   Thumb Code     2  startup_tm4c123.o(.text)
    WTIMER1B_Handler                         0x00001b57   Thumb Code     2  startup_tm4c123.o(.text)
    WTIMER2A_Handler                         0x00001b59   Thumb Code     2  startup_tm4c123.o(.text)
    WTIMER2B_Handler                         0x00001b5b   Thumb Code     2  startup_tm4c123.o(.text)
    WTIMER3A_Handler                         0x00001b5d   Thumb Code     2  startup_tm4c123.o(.text)
    WTIMER3B_Handler                         0x00001b5f   Thumb Code     2  startup_tm4c123.o(.text)
    WTIMER4A_Handler                         0x00001b61   Thumb Code     2  startup_tm4c123.o(.text)
    WTIMER4B_Handler                         0x00001b63   Thumb Code     2  startup_tm4c123.o(.text)
    WTIMER5A_Handler                         0x00001b65   Thumb Code     2  startup_tm4c123.o(.text)
    WTIMER5B_Handler                         0x00001b67   Thumb Code     2  startup_tm4c123.o(.text)
    FPU_Handler                              0x00001b69   Thumb Code     2  startup_tm4c123.o(.text)
    I2C4_Handler                             0x00001b6b   Thumb Code     2  startup_tm4c123.o(.text)
    I2C5_Handler                             0x00001b6d   Thumb Code     2  startup_tm4c123.o(.text)
    GPIOM_Handler                            0x00001b6f   Thumb Code     2  startup_tm4c123.o(.text)
    GPION_Handler                            0x00001b71   Thumb Code     2  startup_tm4c123.o(.text)
    QEI2_Handler                             0x00001b73   Thumb Code     2  startup_tm4c123.o(.text)
    GPIOP0_Handler                           0x00001b75   Thumb Code     2  startup_tm4c123.o(.text)
    GPIOP1_Handler                           0x00001b77   Thumb Code     2  startup_tm4c123.o(.text)
    GPIOP2_Handler                           0x00001b79   Thumb Code     2  startup_tm4c123.o(.text)
    GPIOP3_Handler                           0x00001b7b   Thumb Code     2  startup_tm4c123.o(.text)
    GPIOP4_Handler                           0x00001b7d   Thumb Code     2  startup_tm4c123.o(.text)
    GPIOP5_Handler                           0x00001b7f   Thumb Code     2  startup_tm4c123.o(.text)
    GPIOP6_Handler                           0x00001b81   Thumb Code     2  startup_tm4c123.o(.text)
    GPIOP7_Handler                           0x00001b83   Thumb Code     2  startup_tm4c123.o(.text)
    GPIOQ0_Handler                           0x00001b85   Thumb Code     2  startup_tm4c123.o(.text)
    GPIOQ1_Handler                           0x00001b87   Thumb Code     2  startup_tm4c123.o(.text)
    GPIOQ2_Handler                           0x00001b89   Thumb Code     2  startup_tm4c123.o(.text)
    GPIOQ3_Handler                           0x00001b8b   Thumb Code     2  startup_tm4c123.o(.text)
    GPIOQ4_Handler                           0x00001b8d   Thumb Code     2  startup_tm4c123.o(.text)
    GPIOQ5_Handler                           0x00001b8f   Thumb Code     2  startup_tm4c123.o(.text)
    GPIOQ6_Handler                           0x00001b91   Thumb Code     2  startup_tm4c123.o(.text)
    GPIOQ7_Handler                           0x00001b93   Thumb Code     2  startup_tm4c123.o(.text)
    GPIOR_Handler                            0x00001b95   Thumb Code     2  startup_tm4c123.o(.text)
    GPIOS_Handler                            0x00001b97   Thumb Code     2  startup_tm4c123.o(.text)
    PMW1_0_Handler                           0x00001b99   Thumb Code     2  startup_tm4c123.o(.text)
    PWM1_1_Handler                           0x00001b9b   Thumb Code     2  startup_tm4c123.o(.text)
    PWM1_2_Handler                           0x00001b9d   Thumb Code     2  startup_tm4c123.o(.text)
    PWM1_3_Handler                           0x00001b9f   Thumb Code     2  startup_tm4c123.o(.text)
    PWM1_FAULT_Handler                       0x00001ba1   Thumb Code     2  startup_tm4c123.o(.text)
    SystemCoreClockUpdate                    0x00001c63   Thumb Code   184  system_tm4c123.o(.text)
    SystemInit                               0x00001d1b   Thumb Code   112  system_tm4c123.o(.text)
    staff_uart_config_gpio                   0x00001df9   Thumb Code    82  hw2.o(.text)
    staff_uart_config_polling                0x00001e4b   Thumb Code    68  hw2.o(.text)
    put_string                               0x00001e8f   Thumb Code    34  hw2.o(.text)
    put_char                                 0x00001eb1   Thumb Code    20  hw2.o(.text)
    get_char                                 0x00001ec5   Thumb Code    62  hw2.o(.text)
    get_string                               0x00001f03   Thumb Code    40  hw2.o(.text)
    initialize_serial_debug                  0x00001f2b   Thumb Code    12  hw2.o(.text)
    __aeabi_dadd                             0x00001f49   Thumb Code   322  dadd.o(.text)
    __aeabi_dsub                             0x0000208b   Thumb Code     6  dadd.o(.text)
    __aeabi_drsub                            0x00002091   Thumb Code     6  dadd.o(.text)
    __aeabi_dmul                             0x00002097   Thumb Code   228  dmul.o(.text)
    __aeabi_ui2d                             0x0000217b   Thumb Code    26  dfltui.o(.text)
    __aeabi_cdcmpeq                          0x00002195   Thumb Code     0  cdcmple.o(.text)
    __aeabi_cdcmple                          0x00002195   Thumb Code    48  cdcmple.o(.text)
    __aeabi_cdrcmple                         0x000021c5   Thumb Code    48  cdrcmple.o(.text)
    __aeabi_llsl                             0x000021f5   Thumb Code    30  llshl.o(.text)
    _ll_shift_l                              0x000021f5   Thumb Code     0  llshl.o(.text)
    __aeabi_lasr                             0x00002213   Thumb Code    36  llsshr.o(.text)
    _ll_sshift_r                             0x00002213   Thumb Code     0  llsshr.o(.text)
    __I$use$fp                               0x00002237   Thumb Code     0  iusefp.o(.text)
    _double_round                            0x00002237   Thumb Code    30  depilogue.o(.text)
    _double_epilogue                         0x00002255   Thumb Code   156  depilogue.o(.text)
    __scatterload                            0x000022f1   Thumb Code    28  init.o(.text)
    __scatterload_rt2                        0x000022f1   Thumb Code     0  init.o(.text)
    __aeabi_llsr                             0x00002315   Thumb Code    32  llushr.o(.text)
    _ll_ushift_r                             0x00002315   Thumb Code     0  llushr.o(.text)
    __scatterload_copy                       0x00002335   Thumb Code    14  handlers.o(i.__scatterload_copy)
    __scatterload_null                       0x00002343   Thumb Code     2  handlers.o(i.__scatterload_null)
    __scatterload_zeroinit                   0x00002345   Thumb Code    14  handlers.o(i.__scatterload_zeroinit)
    space_shipBitmaps                        0x00002366   Data         252  hw3_images.o(.constdata)
    space_shipWidthPixels                    0x00002462   Data           1  hw3_images.o(.constdata)
    space_shipHeightPixels                   0x00002463   Data           1  hw3_images.o(.constdata)
    invaderBitmaps                           0x00002464   Data         671  hw3_images.o(.constdata)
    invaderWidthPixels                       0x00002703   Data           1  hw3_images.o(.constdata)
    invaderHeightPixels                      0x00002704   Data           1  hw3_images.o(.constdata)
    Region$$Table$$Base                      0x00002708   Number         0  anon$$obj.o(Region$$Table)
    Region$$Table$$Limit                     0x00002728   Number         0  anon$$obj.o(Region$$Table)
    SHIP_X_COORD                             0x20000002   Data           2  hw3.o(.data)
    SHIP_Y_COORD                             0x20000004   Data           2  hw3.o(.data)
    INVADER_X_COORD                          0x20000006   Data           2  hw3.o(.data)
    INVADER_Y_COORD                          0x20000008   Data           2  hw3.o(.data)
    ALERT_SPACE_SHIP                         0x2000000a   Data           1  hw3.o(.data)
    ALERT_INVADER                            0x2000000b   Data           1  hw3.o(.data)
    STUDENT_NAME                             0x2000000c   Data          48  hw3.o(.data)
    SystemCoreClock                          0x20000048   Data           4  system_tm4c123.o(.data)
    __initial_sp                             0x20001050   Data           0  startup_tm4c123.o(STACK)



==============================================================================

Memory Map of the image

  Image Entry point : 0x00001ab1

  Load Region LR_1 (Base: 0x00000000, Size: 0x00002774, Max: 0xffffffff, ABSOLUTE)

    Execution Region ER_RO (Exec base: 0x00000000, Load base: 0x00000000, Size: 0x00002728, Max: 0xffffffff, ABSOLUTE)

    Exec Addr    Load Addr    Size         Type   Attr      Idx    E Section Name        Object

    0x00000000   0x00000000   0x0000026c   Data   RO          332    RESET               startup_tm4c123.o
    0x0000026c   0x0000026c   0x00000000   Code   RO          427  * .ARM.Collect$$$$00000000  mc_w.l(entry.o)
    0x0000026c   0x0000026c   0x00000004   Code   RO          440    .ARM.Collect$$$$00000001  mc_w.l(entry2.o)
    0x00000270   0x00000270   0x00000004   Code   RO          443    .ARM.Collect$$$$00000004  mc_w.l(entry5.o)
    0x00000274   0x00000274   0x00000000   Code   RO          445    .ARM.Collect$$$$00000008  mc_w.l(entry7b.o)
    0x00000274   0x00000274   0x00000000   Code   RO          447    .ARM.Collect$$$$0000000A  mc_w.l(entry8b.o)
    0x00000274   0x00000274   0x00000008   Code   RO          448    .ARM.Collect$$$$0000000B  mc_w.l(entry9a.o)
    0x0000027c   0x0000027c   0x00000000   Code   RO          450    .ARM.Collect$$$$0000000D  mc_w.l(entry10a.o)
    0x0000027c   0x0000027c   0x00000000   Code   RO          452    .ARM.Collect$$$$0000000F  mc_w.l(entry11a.o)
    0x0000027c   0x0000027c   0x00000004   Code   RO          441    .ARM.Collect$$$$00002712  mc_w.l(entry2.o)
    0x00000280   0x00000280   0x00000094   Code   RO            4    .text               main.o
    0x00000314   0x00000314   0x0000007c   Code   RO          114    .text               hw3_staff.o
    0x00000390   0x00000390   0x0000040c   Code   RO          141    .text               hw3.o
    0x0000079c   0x0000079c   0x000001a8   Code   RO          171    .text               hw3_interrupts.o
    0x00000944   0x00000944   0x000002c4   Code   RO          209    .text               gpio_port.o
    0x00000c08   0x00000c08   0x00000248   Code   RO          233    .text               timers.o
    0x00000e50   0x00000e50   0x00000b46   Code   RO          285    .text               lcd.o
    0x00001996   0x00001996   0x00000002   PAD
    0x00001998   0x00001998   0x00000118   Code   RO          309    .text               ps2-new.o
    0x00001ab0   0x00001ab0   0x000000fc   Code   RO          333  * .text               startup_tm4c123.o
    0x00001bac   0x00001bac   0x0000024c   Code   RO          340    .text               system_tm4c123.o
    0x00001df8   0x00001df8   0x00000150   Code   RO          370    .text               hw3_f18.lib(hw2.o)
    0x00001f48   0x00001f48   0x0000014e   Code   RO          430    .text               mf_w.l(dadd.o)
    0x00002096   0x00002096   0x000000e4   Code   RO          432    .text               mf_w.l(dmul.o)
    0x0000217a   0x0000217a   0x0000001a   Code   RO          434    .text               mf_w.l(dfltui.o)
    0x00002194   0x00002194   0x00000030   Code   RO          436    .text               mf_w.l(cdcmple.o)
    0x000021c4   0x000021c4   0x00000030   Code   RO          438    .text               mf_w.l(cdrcmple.o)
    0x000021f4   0x000021f4   0x0000001e   Code   RO          454    .text               mc_w.l(llshl.o)
    0x00002212   0x00002212   0x00000024   Code   RO          456    .text               mc_w.l(llsshr.o)
    0x00002236   0x00002236   0x00000000   Code   RO          458    .text               mc_w.l(iusefp.o)
    0x00002236   0x00002236   0x000000ba   Code   RO          459    .text               mf_w.l(depilogue.o)
    0x000022f0   0x000022f0   0x00000024   Code   RO          461    .text               mc_w.l(init.o)
    0x00002314   0x00002314   0x00000020   Code   RO          463    .text               mc_w.l(llushr.o)
    0x00002334   0x00002334   0x0000000e   Code   RO          467    i.__scatterload_copy  mc_w.l(handlers.o)
    0x00002342   0x00002342   0x00000002   Code   RO          468    i.__scatterload_null  mc_w.l(handlers.o)
    0x00002344   0x00002344   0x0000000e   Code   RO          469    i.__scatterload_zeroinit  mc_w.l(handlers.o)
    0x00002352   0x00002352   0x00000014   Data   RO          115    .constdata          hw3_staff.o
    0x00002366   0x00002366   0x0000039f   Data   RO          194    .constdata          hw3_images.o
    0x00002705   0x00002705   0x00000003   PAD
    0x00002708   0x00002708   0x00000020   Data   RO          465    Region$$Table       anon$$obj.o


    Execution Region ER_RW (Exec base: 0x20000000, Load base: 0x00002728, Size: 0x0000004c, Max: 0xffffffff, ABSOLUTE)

    Exec Addr    Load Addr    Size         Type   Attr      Idx    E Section Name        Object

    0x20000000   0x00002728   0x00000002   Data   RW          116    .data               hw3_staff.o
    0x20000002   0x0000272a   0x0000003a   Data   RW          142    .data               hw3.o
    0x2000003c   0x00002764   0x00000009   Data   RW          172    .data               hw3_interrupts.o
    0x20000045   0x0000276d   0x00000003   PAD
    0x20000048   0x00002770   0x00000004   Data   RW          341    .data               system_tm4c123.o


    Execution Region ER_ZI (Exec base: 0x2000004c, Load base: 0x00002774, Size: 0x00001004, Max: 0xffffffff, ABSOLUTE)

    Exec Addr    Load Addr    Size         Type   Attr      Idx    E Section Name        Object

    0x2000004c   0x00002774   0x00000004   PAD
    0x20000050        -       0x00001000   Zero   RW          330    STACK               startup_tm4c123.o


==============================================================================

Image component sizes


      Code (inc. data)   RO Data    RW Data    ZI Data      Debug   Object Name

       708         32          0          0          0       5150   gpio_port.o
      1036        112          0         58          0       3789   hw3.o
         0          0        927          0          0        771   hw3_images.o
       424         76          0          9          0       1924   hw3_interrupts.o
       124         12         20          2          0       1522   hw3_staff.o
      2886         28          0          0          0       8220   lcd.o
       148        106          0          0          0      28203   main.o
       280         24          0          0          0       1552   ps2-new.o
       252         10        620          0       4096       5436   startup_tm4c123.o
       588        134          0          4          0       1545   system_tm4c123.o
       584         24          0          0          0      32888   timers.o

    ----------------------------------------------------------------------
      7032        558       1602         76       4100      91000   Object Totals
         0          0         32          0          0          0   (incl. Generated)
         2          0          3          3          4          0   (incl. Padding)

    ----------------------------------------------------------------------

      Code (inc. data)   RO Data    RW Data    ZI Data      Debug   Library Member Name

       336         18          0          0          0       1619   hw2.o
         0          0          0          0          0          0   entry.o
         0          0          0          0          0          0   entry10a.o
         0          0          0          0          0          0   entry11a.o
         8          4          0          0          0          0   entry2.o
         4          0          0          0          0          0   entry5.o
         0          0          0          0          0          0   entry7b.o
         0          0          0          0          0          0   entry8b.o
         8          4          0          0          0          0   entry9a.o
        30          0          0          0          0          0   handlers.o
        36          8          0          0          0         68   init.o
         0          0          0          0          0          0   iusefp.o
        30          0          0          0          0         68   llshl.o
        36          0          0          0          0         68   llsshr.o
        32          0          0          0          0         68   llushr.o
        48          0          0          0          0         68   cdcmple.o
        48          0          0          0          0         68   cdrcmple.o
       334          0          0          0          0        148   dadd.o
       186          0          0          0          0        176   depilogue.o
        26          0          0          0          0         76   dfltui.o
       228          0          0          0          0         96   dmul.o

    ----------------------------------------------------------------------
      1390         34          0          0          0       2523   Library Totals
         0          0          0          0          0          0   (incl. Padding)

    ----------------------------------------------------------------------

      Code (inc. data)   RO Data    RW Data    ZI Data      Debug   Library Name

       336         18          0          0          0       1619   hw3_f18.lib
       184         16          0          0          0        272   mc_w.l
       870          0          0          0          0        632   mf_w.l

    ----------------------------------------------------------------------
      1390         34          0          0          0       2523   Library Totals

    ----------------------------------------------------------------------

==============================================================================


      Code (inc. data)   RO Data    RW Data    ZI Data      Debug   

      8422        592       1602         76       4100      91911   Grand Totals
      8422        592       1602         76       4100      91911   ELF Image Totals
      8422        592       1602         76          0          0   ROM Totals

==============================================================================

    Total RO  Size (Code + RO Data)                10024 (   9.79kB)
    Total RW  Size (RW Data + ZI Data)              4176 (   4.08kB)
    Total ROM Size (Code + RO Data + RW Data)      10100 (   9.86kB)

==============================================================================

