Component: ARM Compiler 5.06 update 6 (build 750) Tool: armlink [4d35ed]

==============================================================================

Section Cross References

    main.o(.text) refers to lcd.o(.text) for lcd_config_gpio
    main.o(.text) refers to images.o(.constdata) for pclogoBitmaps
    project_hardware_init.o(.text) refers to adc.o(.text) for initialize_adc
    project_hardware_init.o(.text) refers to pc_buffer.o(.text) for pc_buffer_init
    project_hardware_init.o(.text) refers to ps2.o(.text) for ps2_initialize
    project_hardware_init.o(.text) refers to lcd.o(.text) for lcd_config_gpio
    project_hardware_init.o(.text) refers to serial_debug.o(.text) for init_serial_debug
    project_interrupts.o(.text) refers to hw3.o(.text) for contact_edge
    project_interrupts.o(.text) refers to hw3_staff.o(.text) for get_new_direction
    project_interrupts.o(.text) refers to project_interrupts.o(.data) for PS2_X_DATA
    project_interrupts.o(.text) refers to images.o(.constdata) for pacmanWidthPixels
    project_interrupts.o(.text) refers to hw3.o(.data) for PACMAN_Y_COORD
    hw3.o(.text) refers to dfltui.o(.text) for __aeabi_ui2d
    hw3.o(.text) refers to dmul.o(.text) for __aeabi_dmul
    hw3.o(.text) refers to dadd.o(.text) for __aeabi_dsub
    hw3.o(.text) refers to cdcmple.o(.text) for __aeabi_cdcmple
    hw3.o(.text) refers to cdrcmple.o(.text) for __aeabi_cdrcmple
    hw3.o(.text) refers to lcd.o(.text) for lcd_config_gpio
    hw3.o(.text) refers to ps2.o(.text) for ps2_initialize
    hw3.o(.text) refers to timers.o(.text) for gp_timer_config_32
    hw3.o(.text) refers to images.o(.constdata) for map1Bitmaps
    hw3.o(.text) refers to hw3.o(.data) for ALERT_GHOST
    hw3_staff.o(.text) refers to hw3_staff.o(.data) for lfsr
    hw3_staff.o(.text) refers to hw3_staff.o(.constdata) for MOV_DIR
    gpio_port.o(.text) refers to printfb.o(i.__0printf$bare) for __2printf
    pc_buffer.o(.text) refers to malloc.o(i.malloc) for malloc
    accel.o(.text) refers to spi_select.o(.text) for spi_select_init
    accel.o(.text) refers to gpio_port.o(.text) for gpio_enable_port
    accel.o(.text) refers to spi.o(.text) for initialize_spi
    eeprom.o(.text) refers to i2c.o(.text) for i2cVerifyBaseAddr
    eeprom.o(.text) refers to gpio_port.o(.text) for gpio_enable_port
    ft6x06.o(.text) refers to i2c.o(.text) for I2CMasterBusy
    ft6x06.o(.text) refers to gpio_port.o(.text) for gpio_enable_port
    lcd.o(.text) refers to lcd.o(i.lcd_write_data_u16) for lcd_write_data_u16
    lcd.o(.text) refers to gpio_port.o(.text) for gpio_enable_port
    ps2.o(.text) refers to gpio_port.o(.text) for gpio_enable_port
    ps2.o(.text) refers to adc.o(.text) for initialize_adc
    serial_debug.o(.text) refers to pc_buffer.o(.text) for pc_buffer_init
    serial_debug.o(.text) refers to uart.o(.text) for uart_init
    serial_debug.o(.text) refers to serial_debug.o(.data) for Rx_Interrupts_Enabled
    serial_debug.o(.text) refers to serial_debug.o(.bss) for UART0_Tx_Buffer
    serial_debug.o(.text) refers to stdout.o(.data) for __stdout
    spi_select.o(.text) refers to gpio_port.o(.text) for gpio_enable_port
    startup_tm4c123.o(RESET) refers to startup_tm4c123.o(STACK) for __initial_sp
    startup_tm4c123.o(RESET) refers to startup_tm4c123.o(.text) for Reset_Handler
    startup_tm4c123.o(RESET) refers to serial_debug.o(.text) for UART0_Handler
    startup_tm4c123.o(RESET) refers to project_interrupts.o(.text) for ADC0SS2_Handler
    startup_tm4c123.o(.text) refers to system_tm4c123.o(.text) for SystemInit
    startup_tm4c123.o(.text) refers to entry.o(.ARM.Collect$$$$00000000) for __main
    system_tm4c123.o(.text) refers to system_tm4c123.o(.data) for SystemCoreClock
    entry.o(.ARM.Collect$$$$00000000) refers (Special) to entry10a.o(.ARM.Collect$$$$0000000D) for __rt_final_cpp
    entry.o(.ARM.Collect$$$$00000000) refers (Special) to entry11a.o(.ARM.Collect$$$$0000000F) for __rt_final_exit
    entry.o(.ARM.Collect$$$$00000000) refers (Special) to entry7b.o(.ARM.Collect$$$$00000008) for _main_clock
    entry.o(.ARM.Collect$$$$00000000) refers (Special) to entry8b.o(.ARM.Collect$$$$0000000A) for _main_cpp_init
    entry.o(.ARM.Collect$$$$00000000) refers (Special) to entry9a.o(.ARM.Collect$$$$0000000B) for _main_init
    entry.o(.ARM.Collect$$$$00000000) refers (Special) to entry5.o(.ARM.Collect$$$$00000004) for _main_scatterload
    entry.o(.ARM.Collect$$$$00000000) refers (Special) to entry2.o(.ARM.Collect$$$$00000001) for _main_stk
    printfb.o(i.__0fprintf$bare) refers to printfb.o(i._printf_core) for _printf_core
    printfb.o(i.__0fprintf$bare) refers to serial_debug.o(.text) for fputc
    printfb.o(i.__0printf$bare) refers to printfb.o(i._printf_core) for _printf_core
    printfb.o(i.__0printf$bare) refers to serial_debug.o(.text) for fputc
    printfb.o(i.__0printf$bare) refers to stdout.o(.data) for __stdout
    printfb.o(i.__0snprintf$bare) refers to printfb.o(i._printf_core) for _printf_core
    printfb.o(i.__0snprintf$bare) refers to printfb.o(i._snputc) for _snputc
    printfb.o(i.__0sprintf$bare) refers to printfb.o(i._printf_core) for _printf_core
    printfb.o(i.__0sprintf$bare) refers to printfb.o(i._sputc) for _sputc
    printfb.o(i.__0vfprintf$bare) refers to printfb.o(i._printf_core) for _printf_core
    printfb.o(i.__0vfprintf$bare) refers to serial_debug.o(.text) for fputc
    printfb.o(i.__0vprintf$bare) refers to printfb.o(i._printf_core) for _printf_core
    printfb.o(i.__0vprintf$bare) refers to serial_debug.o(.text) for fputc
    printfb.o(i.__0vprintf$bare) refers to stdout.o(.data) for __stdout
    printfb.o(i.__0vsnprintf$bare) refers to printfb.o(i._printf_core) for _printf_core
    printfb.o(i.__0vsnprintf$bare) refers to printfb.o(i._snputc) for _snputc
    printfb.o(i.__0vsprintf$bare) refers to printfb.o(i._printf_core) for _printf_core
    printfb.o(i.__0vsprintf$bare) refers to printfb.o(i._sputc) for _sputc
    printf0.o(i.__0fprintf$0) refers to printf0.o(i._printf_core) for _printf_core
    printf0.o(i.__0fprintf$0) refers to serial_debug.o(.text) for fputc
    printf0.o(i.__0printf$0) refers to printf0.o(i._printf_core) for _printf_core
    printf0.o(i.__0printf$0) refers to serial_debug.o(.text) for fputc
    printf0.o(i.__0printf$0) refers to stdout.o(.data) for __stdout
    printf0.o(i.__0snprintf$0) refers to printf0.o(i._printf_core) for _printf_core
    printf0.o(i.__0snprintf$0) refers to printf0.o(i._snputc) for _snputc
    printf0.o(i.__0sprintf$0) refers to printf0.o(i._printf_core) for _printf_core
    printf0.o(i.__0sprintf$0) refers to printf0.o(i._sputc) for _sputc
    printf0.o(i.__0vfprintf$0) refers to printf0.o(i._printf_core) for _printf_core
    printf0.o(i.__0vfprintf$0) refers to serial_debug.o(.text) for fputc
    printf0.o(i.__0vprintf$0) refers to printf0.o(i._printf_core) for _printf_core
    printf0.o(i.__0vprintf$0) refers to serial_debug.o(.text) for fputc
    printf0.o(i.__0vprintf$0) refers to stdout.o(.data) for __stdout
    printf0.o(i.__0vsnprintf$0) refers to printf0.o(i._printf_core) for _printf_core
    printf0.o(i.__0vsnprintf$0) refers to printf0.o(i._snputc) for _snputc
    printf0.o(i.__0vsprintf$0) refers to printf0.o(i._printf_core) for _printf_core
    printf0.o(i.__0vsprintf$0) refers to printf0.o(i._sputc) for _sputc
    printf1.o(i.__0fprintf$1) refers to printf1.o(i._printf_core) for _printf_core
    printf1.o(i.__0fprintf$1) refers to serial_debug.o(.text) for fputc
    printf1.o(i.__0printf$1) refers to printf1.o(i._printf_core) for _printf_core
    printf1.o(i.__0printf$1) refers to serial_debug.o(.text) for fputc
    printf1.o(i.__0printf$1) refers to stdout.o(.data) for __stdout
    printf1.o(i.__0snprintf$1) refers to printf1.o(i._printf_core) for _printf_core
    printf1.o(i.__0snprintf$1) refers to printf1.o(i._snputc) for _snputc
    printf1.o(i.__0sprintf$1) refers to printf1.o(i._printf_core) for _printf_core
    printf1.o(i.__0sprintf$1) refers to printf1.o(i._sputc) for _sputc
    printf1.o(i.__0vfprintf$1) refers to printf1.o(i._printf_core) for _printf_core
    printf1.o(i.__0vfprintf$1) refers to serial_debug.o(.text) for fputc
    printf1.o(i.__0vprintf$1) refers to printf1.o(i._printf_core) for _printf_core
    printf1.o(i.__0vprintf$1) refers to serial_debug.o(.text) for fputc
    printf1.o(i.__0vprintf$1) refers to stdout.o(.data) for __stdout
    printf1.o(i.__0vsnprintf$1) refers to printf1.o(i._printf_core) for _printf_core
    printf1.o(i.__0vsnprintf$1) refers to printf1.o(i._snputc) for _snputc
    printf1.o(i.__0vsprintf$1) refers to printf1.o(i._printf_core) for _printf_core
    printf1.o(i.__0vsprintf$1) refers to printf1.o(i._sputc) for _sputc
    printf1.o(i._printf_core) refers to uidiv.o(.text) for __aeabi_uidivmod
    printf2.o(i.__0fprintf$2) refers to printf2.o(i._printf_core) for _printf_core
    printf2.o(i.__0fprintf$2) refers to serial_debug.o(.text) for fputc
    printf2.o(i.__0printf$2) refers to printf2.o(i._printf_core) for _printf_core
    printf2.o(i.__0printf$2) refers to serial_debug.o(.text) for fputc
    printf2.o(i.__0printf$2) refers to stdout.o(.data) for __stdout
    printf2.o(i.__0snprintf$2) refers to printf2.o(i._printf_core) for _printf_core
    printf2.o(i.__0snprintf$2) refers to printf2.o(i._snputc) for _snputc
    printf2.o(i.__0sprintf$2) refers to printf2.o(i._printf_core) for _printf_core
    printf2.o(i.__0sprintf$2) refers to printf2.o(i._sputc) for _sputc
    printf2.o(i.__0vfprintf$2) refers to printf2.o(i._printf_core) for _printf_core
    printf2.o(i.__0vfprintf$2) refers to serial_debug.o(.text) for fputc
    printf2.o(i.__0vprintf$2) refers to printf2.o(i._printf_core) for _printf_core
    printf2.o(i.__0vprintf$2) refers to serial_debug.o(.text) for fputc
    printf2.o(i.__0vprintf$2) refers to stdout.o(.data) for __stdout
    printf2.o(i.__0vsnprintf$2) refers to printf2.o(i._printf_core) for _printf_core
    printf2.o(i.__0vsnprintf$2) refers to printf2.o(i._snputc) for _snputc
    printf2.o(i.__0vsprintf$2) refers to printf2.o(i._printf_core) for _printf_core
    printf2.o(i.__0vsprintf$2) refers to printf2.o(i._sputc) for _sputc
    printf3.o(i.__0fprintf$3) refers to printf3.o(i._printf_core) for _printf_core
    printf3.o(i.__0fprintf$3) refers to serial_debug.o(.text) for fputc
    printf3.o(i.__0printf$3) refers to printf3.o(i._printf_core) for _printf_core
    printf3.o(i.__0printf$3) refers to serial_debug.o(.text) for fputc
    printf3.o(i.__0printf$3) refers to stdout.o(.data) for __stdout
    printf3.o(i.__0snprintf$3) refers to printf3.o(i._printf_core) for _printf_core
    printf3.o(i.__0snprintf$3) refers to printf3.o(i._snputc) for _snputc
    printf3.o(i.__0sprintf$3) refers to printf3.o(i._printf_core) for _printf_core
    printf3.o(i.__0sprintf$3) refers to printf3.o(i._sputc) for _sputc
    printf3.o(i.__0vfprintf$3) refers to printf3.o(i._printf_core) for _printf_core
    printf3.o(i.__0vfprintf$3) refers to serial_debug.o(.text) for fputc
    printf3.o(i.__0vprintf$3) refers to printf3.o(i._printf_core) for _printf_core
    printf3.o(i.__0vprintf$3) refers to serial_debug.o(.text) for fputc
    printf3.o(i.__0vprintf$3) refers to stdout.o(.data) for __stdout
    printf3.o(i.__0vsnprintf$3) refers to printf3.o(i._printf_core) for _printf_core
    printf3.o(i.__0vsnprintf$3) refers to printf3.o(i._snputc) for _snputc
    printf3.o(i.__0vsprintf$3) refers to printf3.o(i._printf_core) for _printf_core
    printf3.o(i.__0vsprintf$3) refers to printf3.o(i._sputc) for _sputc
    printf3.o(i._printf_core) refers to uidiv.o(.text) for __aeabi_uidivmod
    printf4.o(i.__0fprintf$4) refers to printf4.o(i._printf_core) for _printf_core
    printf4.o(i.__0fprintf$4) refers to serial_debug.o(.text) for fputc
    printf4.o(i.__0printf$4) refers to printf4.o(i._printf_core) for _printf_core
    printf4.o(i.__0printf$4) refers to serial_debug.o(.text) for fputc
    printf4.o(i.__0printf$4) refers to stdout.o(.data) for __stdout
    printf4.o(i.__0snprintf$4) refers to printf4.o(i._printf_core) for _printf_core
    printf4.o(i.__0snprintf$4) refers to printf4.o(i._snputc) for _snputc
    printf4.o(i.__0sprintf$4) refers to printf4.o(i._printf_core) for _printf_core
    printf4.o(i.__0sprintf$4) refers to printf4.o(i._sputc) for _sputc
    printf4.o(i.__0vfprintf$4) refers to printf4.o(i._printf_core) for _printf_core
    printf4.o(i.__0vfprintf$4) refers to serial_debug.o(.text) for fputc
    printf4.o(i.__0vprintf$4) refers to printf4.o(i._printf_core) for _printf_core
    printf4.o(i.__0vprintf$4) refers to serial_debug.o(.text) for fputc
    printf4.o(i.__0vprintf$4) refers to stdout.o(.data) for __stdout
    printf4.o(i.__0vsnprintf$4) refers to printf4.o(i._printf_core) for _printf_core
    printf4.o(i.__0vsnprintf$4) refers to printf4.o(i._snputc) for _snputc
    printf4.o(i.__0vsprintf$4) refers to printf4.o(i._printf_core) for _printf_core
    printf4.o(i.__0vsprintf$4) refers to printf4.o(i._sputc) for _sputc
    printf4.o(i._printf_core) refers to uldiv.o(.text) for __aeabi_uldivmod
    printf5.o(i.__0fprintf$5) refers to printf5.o(i._printf_core) for _printf_core
    printf5.o(i.__0fprintf$5) refers to serial_debug.o(.text) for fputc
    printf5.o(i.__0printf$5) refers to printf5.o(i._printf_core) for _printf_core
    printf5.o(i.__0printf$5) refers to serial_debug.o(.text) for fputc
    printf5.o(i.__0printf$5) refers to stdout.o(.data) for __stdout
    printf5.o(i.__0snprintf$5) refers to printf5.o(i._printf_core) for _printf_core
    printf5.o(i.__0snprintf$5) refers to printf5.o(i._snputc) for _snputc
    printf5.o(i.__0sprintf$5) refers to printf5.o(i._printf_core) for _printf_core
    printf5.o(i.__0sprintf$5) refers to printf5.o(i._sputc) for _sputc
    printf5.o(i.__0vfprintf$5) refers to printf5.o(i._printf_core) for _printf_core
    printf5.o(i.__0vfprintf$5) refers to serial_debug.o(.text) for fputc
    printf5.o(i.__0vprintf$5) refers to printf5.o(i._printf_core) for _printf_core
    printf5.o(i.__0vprintf$5) refers to serial_debug.o(.text) for fputc
    printf5.o(i.__0vprintf$5) refers to stdout.o(.data) for __stdout
    printf5.o(i.__0vsnprintf$5) refers to printf5.o(i._printf_core) for _printf_core
    printf5.o(i.__0vsnprintf$5) refers to printf5.o(i._snputc) for _snputc
    printf5.o(i.__0vsprintf$5) refers to printf5.o(i._printf_core) for _printf_core
    printf5.o(i.__0vsprintf$5) refers to printf5.o(i._sputc) for _sputc
    printf5.o(i._printf_core) refers to uldiv.o(.text) for __aeabi_uldivmod
    printf6.o(i.__0fprintf$6) refers to printf6.o(i._printf_core) for _printf_core
    printf6.o(i.__0fprintf$6) refers to serial_debug.o(.text) for fputc
    printf6.o(i.__0printf$6) refers to printf6.o(i._printf_core) for _printf_core
    printf6.o(i.__0printf$6) refers to serial_debug.o(.text) for fputc
    printf6.o(i.__0printf$6) refers to stdout.o(.data) for __stdout
    printf6.o(i.__0snprintf$6) refers to printf6.o(i._printf_core) for _printf_core
    printf6.o(i.__0snprintf$6) refers to printf6.o(i._snputc) for _snputc
    printf6.o(i.__0sprintf$6) refers to printf6.o(i._printf_core) for _printf_core
    printf6.o(i.__0sprintf$6) refers to printf6.o(i._sputc) for _sputc
    printf6.o(i.__0vfprintf$6) refers to printf6.o(i._printf_core) for _printf_core
    printf6.o(i.__0vfprintf$6) refers to serial_debug.o(.text) for fputc
    printf6.o(i.__0vprintf$6) refers to printf6.o(i._printf_core) for _printf_core
    printf6.o(i.__0vprintf$6) refers to serial_debug.o(.text) for fputc
    printf6.o(i.__0vprintf$6) refers to stdout.o(.data) for __stdout
    printf6.o(i.__0vsnprintf$6) refers to printf6.o(i._printf_core) for _printf_core
    printf6.o(i.__0vsnprintf$6) refers to printf6.o(i._snputc) for _snputc
    printf6.o(i.__0vsprintf$6) refers to printf6.o(i._printf_core) for _printf_core
    printf6.o(i.__0vsprintf$6) refers to printf6.o(i._sputc) for _sputc
    printf6.o(i._printf_core) refers to printf6.o(i._printf_pre_padding) for _printf_pre_padding
    printf6.o(i._printf_core) refers to uidiv.o(.text) for __aeabi_uidivmod
    printf6.o(i._printf_core) refers to printf6.o(i._printf_post_padding) for _printf_post_padding
    printf7.o(i.__0fprintf$7) refers to printf7.o(i._printf_core) for _printf_core
    printf7.o(i.__0fprintf$7) refers to serial_debug.o(.text) for fputc
    printf7.o(i.__0printf$7) refers to printf7.o(i._printf_core) for _printf_core
    printf7.o(i.__0printf$7) refers to serial_debug.o(.text) for fputc
    printf7.o(i.__0printf$7) refers to stdout.o(.data) for __stdout
    printf7.o(i.__0snprintf$7) refers to printf7.o(i._printf_core) for _printf_core
    printf7.o(i.__0snprintf$7) refers to printf7.o(i._snputc) for _snputc
    printf7.o(i.__0sprintf$7) refers to printf7.o(i._printf_core) for _printf_core
    printf7.o(i.__0sprintf$7) refers to printf7.o(i._sputc) for _sputc
    printf7.o(i.__0vfprintf$7) refers to printf7.o(i._printf_core) for _printf_core
    printf7.o(i.__0vfprintf$7) refers to serial_debug.o(.text) for fputc
    printf7.o(i.__0vprintf$7) refers to printf7.o(i._printf_core) for _printf_core
    printf7.o(i.__0vprintf$7) refers to serial_debug.o(.text) for fputc
    printf7.o(i.__0vprintf$7) refers to stdout.o(.data) for __stdout
    printf7.o(i.__0vsnprintf$7) refers to printf7.o(i._printf_core) for _printf_core
    printf7.o(i.__0vsnprintf$7) refers to printf7.o(i._snputc) for _snputc
    printf7.o(i.__0vsprintf$7) refers to printf7.o(i._printf_core) for _printf_core
    printf7.o(i.__0vsprintf$7) refers to printf7.o(i._sputc) for _sputc
    printf7.o(i._printf_core) refers to printf7.o(i._printf_pre_padding) for _printf_pre_padding
    printf7.o(i._printf_core) refers to uldiv.o(.text) for __aeabi_uldivmod
    printf7.o(i._printf_core) refers to printf7.o(i._printf_post_padding) for _printf_post_padding
    printf8.o(i.__0fprintf$8) refers to printf8.o(i._printf_core) for _printf_core
    printf8.o(i.__0fprintf$8) refers to serial_debug.o(.text) for fputc
    printf8.o(i.__0printf$8) refers to printf8.o(i._printf_core) for _printf_core
    printf8.o(i.__0printf$8) refers to serial_debug.o(.text) for fputc
    printf8.o(i.__0printf$8) refers to stdout.o(.data) for __stdout
    printf8.o(i.__0snprintf$8) refers to printf8.o(i._printf_core) for _printf_core
    printf8.o(i.__0snprintf$8) refers to printf8.o(i._snputc) for _snputc
    printf8.o(i.__0sprintf$8) refers to printf8.o(i._printf_core) for _printf_core
    printf8.o(i.__0sprintf$8) refers to printf8.o(i._sputc) for _sputc
    printf8.o(i.__0vfprintf$8) refers to printf8.o(i._printf_core) for _printf_core
    printf8.o(i.__0vfprintf$8) refers to serial_debug.o(.text) for fputc
    printf8.o(i.__0vprintf$8) refers to printf8.o(i._printf_core) for _printf_core
    printf8.o(i.__0vprintf$8) refers to serial_debug.o(.text) for fputc
    printf8.o(i.__0vprintf$8) refers to stdout.o(.data) for __stdout
    printf8.o(i.__0vsnprintf$8) refers to printf8.o(i._printf_core) for _printf_core
    printf8.o(i.__0vsnprintf$8) refers to printf8.o(i._snputc) for _snputc
    printf8.o(i.__0vsprintf$8) refers to printf8.o(i._printf_core) for _printf_core
    printf8.o(i.__0vsprintf$8) refers to printf8.o(i._sputc) for _sputc
    printf8.o(i._printf_core) refers to printf8.o(i._printf_pre_padding) for _printf_pre_padding
    printf8.o(i._printf_core) refers to uldiv.o(.text) for __aeabi_uldivmod
    printf8.o(i._printf_core) refers to printf8.o(i._printf_post_padding) for _printf_post_padding
    printfa.o(i.__0fprintf) refers (Special) to iusefp.o(.text) for __I$use$fp
    printfa.o(i.__0fprintf) refers to printfa.o(i._printf_core) for _printf_core
    printfa.o(i.__0fprintf) refers to serial_debug.o(.text) for fputc
    printfa.o(i.__0printf) refers (Special) to iusefp.o(.text) for __I$use$fp
    printfa.o(i.__0printf) refers to printfa.o(i._printf_core) for _printf_core
    printfa.o(i.__0printf) refers to serial_debug.o(.text) for fputc
    printfa.o(i.__0printf) refers to stdout.o(.data) for __stdout
    printfa.o(i.__0snprintf) refers (Special) to iusefp.o(.text) for __I$use$fp
    printfa.o(i.__0snprintf) refers to printfa.o(i._printf_core) for _printf_core
    printfa.o(i.__0snprintf) refers to printfa.o(i._snputc) for _snputc
    printfa.o(i.__0sprintf) refers (Special) to iusefp.o(.text) for __I$use$fp
    printfa.o(i.__0sprintf) refers to printfa.o(i._printf_core) for _printf_core
    printfa.o(i.__0sprintf) refers to printfa.o(i._sputc) for _sputc
    printfa.o(i.__0vfprintf) refers (Special) to iusefp.o(.text) for __I$use$fp
    printfa.o(i.__0vfprintf) refers to printfa.o(i._printf_core) for _printf_core
    printfa.o(i.__0vfprintf) refers to serial_debug.o(.text) for fputc
    printfa.o(i.__0vprintf) refers (Special) to iusefp.o(.text) for __I$use$fp
    printfa.o(i.__0vprintf) refers to printfa.o(i._printf_core) for _printf_core
    printfa.o(i.__0vprintf) refers to serial_debug.o(.text) for fputc
    printfa.o(i.__0vprintf) refers to stdout.o(.data) for __stdout
    printfa.o(i.__0vsnprintf) refers (Special) to iusefp.o(.text) for __I$use$fp
    printfa.o(i.__0vsnprintf) refers to printfa.o(i._printf_core) for _printf_core
    printfa.o(i.__0vsnprintf) refers to printfa.o(i._snputc) for _snputc
    printfa.o(i.__0vsprintf) refers (Special) to iusefp.o(.text) for __I$use$fp
    printfa.o(i.__0vsprintf) refers to printfa.o(i._printf_core) for _printf_core
    printfa.o(i.__0vsprintf) refers to printfa.o(i._sputc) for _sputc
    printfa.o(i._fp_digits) refers (Special) to iusefp.o(.text) for __I$use$fp
    printfa.o(i._fp_digits) refers to dmul.o(.text) for __aeabi_dmul
    printfa.o(i._fp_digits) refers to ddiv.o(.text) for __aeabi_ddiv
    printfa.o(i._fp_digits) refers to cdrcmple.o(.text) for __aeabi_cdrcmple
    printfa.o(i._fp_digits) refers to dadd.o(.text) for __aeabi_dadd
    printfa.o(i._fp_digits) refers to dfixul.o(.text) for __aeabi_d2ulz
    printfa.o(i._fp_digits) refers to uldiv.o(.text) for __aeabi_uldivmod
    printfa.o(i._printf_core) refers (Special) to iusefp.o(.text) for __I$use$fp
    printfa.o(i._printf_core) refers to printfa.o(i._printf_pre_padding) for _printf_pre_padding
    printfa.o(i._printf_core) refers to uldiv.o(.text) for __aeabi_uldivmod
    printfa.o(i._printf_core) refers to printfa.o(i._printf_post_padding) for _printf_post_padding
    printfa.o(i._printf_core) refers to printfa.o(i._fp_digits) for _fp_digits
    printfa.o(i._printf_core) refers to uidiv.o(.text) for __aeabi_uidivmod
    printfa.o(i._printf_post_padding) refers (Special) to iusefp.o(.text) for __I$use$fp
    printfa.o(i._printf_pre_padding) refers (Special) to iusefp.o(.text) for __I$use$fp
    printfa.o(i._snputc) refers (Special) to iusefp.o(.text) for __I$use$fp
    printfa.o(i._sputc) refers (Special) to iusefp.o(.text) for __I$use$fp
    malloc.o(i.free) refers to mvars.o(.data) for __microlib_freelist
    malloc.o(i.malloc) refers to mvars.o(.data) for __microlib_freelist_initialised
    malloc.o(i.malloc) refers to mvars.o(.data) for __microlib_freelist
    malloc.o(i.malloc) refers to startup_tm4c123.o(HEAP) for __heap_base
    mallocr.o(i.__free$realloc) refers to mvars.o(.data) for __microlib_freelist
    mallocr.o(i.__malloc$realloc) refers to mallocr.o(i.internal_alloc) for internal_alloc
    mallocr.o(i.__malloc$realloc) refers to mvars.o(.data) for __microlib_freelist_initialised
    mallocr.o(i.__malloc$realloc) refers to startup_tm4c123.o(HEAP) for __heap_base
    mallocr.o(i.__malloc$realloc) refers to mvars.o(.data) for __microlib_freelist
    mallocr.o(i.internal_alloc) refers to memcpya.o(.text) for __aeabi_memcpy
    mallocr.o(i.internal_alloc) refers to mvars.o(.data) for __microlib_freelist
    mallocr.o(i.realloc) refers to mallocr.o(i.__free$realloc) for __free$realloc
    mallocr.o(i.realloc) refers to mallocr.o(i.internal_alloc) for internal_alloc
    mallocr.o(i.realloc) refers to mallocr.o(i.__malloc$realloc) for __malloc$realloc
    mallocr.o(i.realloc) refers to mvars.o(.data) for __microlib_freelist
    malloca.o(i.__aligned_malloc) refers to mvars.o(.data) for __microlib_freelist_initialised
    malloca.o(i.__aligned_malloc) refers to mvars.o(.data) for __microlib_freelist
    malloca.o(i.__aligned_malloc) refers to startup_tm4c123.o(HEAP) for __heap_base
    malloca.o(i.__free$memalign) refers to mvars.o(.data) for __microlib_freelist
    malloca.o(i.__malloc$memalign) refers to malloca.o(i.__aligned_malloc) for __aligned_malloc
    mallocra.o(i.__aligned_malloc$realloc) refers to mallocra.o(i.internal_alloc) for internal_alloc
    mallocra.o(i.__aligned_malloc$realloc) refers to mvars.o(.data) for __microlib_freelist_initialised
    mallocra.o(i.__aligned_malloc$realloc) refers to startup_tm4c123.o(HEAP) for __heap_base
    mallocra.o(i.__aligned_malloc$realloc) refers to mvars.o(.data) for __microlib_freelist
    mallocra.o(i.__free$realloc$memalign) refers to mvars.o(.data) for __microlib_freelist
    mallocra.o(i.__malloc$realloc$memalign) refers to mallocra.o(i.__aligned_malloc$realloc) for __aligned_malloc$realloc
    mallocra.o(i.__realloc$memalign) refers to mallocra.o(i.__free$realloc$memalign) for __free$realloc$memalign
    mallocra.o(i.__realloc$memalign) refers to mallocra.o(i.internal_alloc) for internal_alloc
    mallocra.o(i.__realloc$memalign) refers to mallocra.o(i.__malloc$realloc$memalign) for __malloc$realloc$memalign
    mallocra.o(i.__realloc$memalign) refers to mvars.o(.data) for __microlib_freelist
    mallocra.o(i.internal_alloc) refers to memcpya.o(.text) for __aeabi_memcpy
    mallocra.o(i.internal_alloc) refers to mvars.o(.data) for __microlib_freelist
    dadd.o(.text) refers (Special) to iusefp.o(.text) for __I$use$fp
    dadd.o(.text) refers to llshl.o(.text) for __aeabi_llsl
    dadd.o(.text) refers to llsshr.o(.text) for __aeabi_lasr
    dadd.o(.text) refers to depilogue.o(.text) for _double_epilogue
    dmul.o(.text) refers (Special) to iusefp.o(.text) for __I$use$fp
    dmul.o(.text) refers to depilogue.o(.text) for _double_epilogue
    dfltui.o(.text) refers (Special) to iusefp.o(.text) for __I$use$fp
    dfltui.o(.text) refers to depilogue.o(.text) for _double_epilogue
    cdcmple.o(.text) refers (Special) to iusefp.o(.text) for __I$use$fp
    cdrcmple.o(.text) refers (Special) to iusefp.o(.text) for __I$use$fp
    entry2.o(.ARM.Collect$$$$00000001) refers to entry2.o(.ARM.Collect$$$$00002712) for __lit__00000000
    entry2.o(.ARM.Collect$$$$00002712) refers to startup_tm4c123.o(STACK) for __initial_sp
    entry2.o(__vectab_stack_and_reset_area) refers to startup_tm4c123.o(STACK) for __initial_sp
    entry2.o(__vectab_stack_and_reset_area) refers to entry.o(.ARM.Collect$$$$00000000) for __main
    entry5.o(.ARM.Collect$$$$00000004) refers to init.o(.text) for __scatterload
    entry9a.o(.ARM.Collect$$$$0000000B) refers to main.o(.text) for main
    entry9b.o(.ARM.Collect$$$$0000000C) refers to main.o(.text) for main
    uldiv.o(.text) refers to llushr.o(.text) for __aeabi_llsr
    uldiv.o(.text) refers to llshl.o(.text) for __aeabi_llsl
    depilogue.o(.text) refers to llshl.o(.text) for __aeabi_llsl
    depilogue.o(.text) refers to llushr.o(.text) for __aeabi_llsr
    ddiv.o(.text) refers to depilogue.o(.text) for _double_round
    dfixul.o(.text) refers to llushr.o(.text) for __aeabi_llsr
    dfixul.o(.text) refers to llshl.o(.text) for __aeabi_llsl
    init.o(.text) refers to entry5.o(.ARM.Collect$$$$00000004) for __main_after_scatterload


==============================================================================

Removing Unused input sections from the image.

    Removing main.o(.rev16_text), (4 bytes).
    Removing main.o(.revsh_text), (4 bytes).
    Removing main.o(.rrx_text), (6 bytes).
    Removing project_hardware_init.o(.rev16_text), (4 bytes).
    Removing project_hardware_init.o(.revsh_text), (4 bytes).
    Removing project_hardware_init.o(.rrx_text), (6 bytes).
    Removing project_hardware_init.o(.text), (44 bytes).
    Removing project_interrupts.o(.rev16_text), (4 bytes).
    Removing project_interrupts.o(.revsh_text), (4 bytes).
    Removing project_interrupts.o(.rrx_text), (6 bytes).
    Removing hw3.o(.rev16_text), (4 bytes).
    Removing hw3.o(.revsh_text), (4 bytes).
    Removing hw3.o(.rrx_text), (6 bytes).
    Removing hw3_staff.o(.rev16_text), (4 bytes).
    Removing hw3_staff.o(.revsh_text), (4 bytes).
    Removing hw3_staff.o(.rrx_text), (6 bytes).
    Removing adc.o(.rev16_text), (4 bytes).
    Removing adc.o(.revsh_text), (4 bytes).
    Removing adc.o(.rrx_text), (6 bytes).
    Removing gpio_port.o(.rev16_text), (4 bytes).
    Removing gpio_port.o(.revsh_text), (4 bytes).
    Removing gpio_port.o(.rrx_text), (6 bytes).
    Removing i2c.o(.rev16_text), (4 bytes).
    Removing i2c.o(.revsh_text), (4 bytes).
    Removing i2c.o(.rrx_text), (6 bytes).
    Removing i2c.o(.text), (520 bytes).
    Removing spi.o(.rev16_text), (4 bytes).
    Removing spi.o(.revsh_text), (4 bytes).
    Removing spi.o(.rrx_text), (6 bytes).
    Removing spi.o(.text), (352 bytes).
    Removing timers.o(.rev16_text), (4 bytes).
    Removing timers.o(.revsh_text), (4 bytes).
    Removing timers.o(.rrx_text), (6 bytes).
    Removing uart.o(.rev16_text), (4 bytes).
    Removing uart.o(.revsh_text), (4 bytes).
    Removing uart.o(.rrx_text), (6 bytes).
    Removing accel.o(.rev16_text), (4 bytes).
    Removing accel.o(.revsh_text), (4 bytes).
    Removing accel.o(.rrx_text), (6 bytes).
    Removing accel.o(.text), (224 bytes).
    Removing eeprom.o(.rev16_text), (4 bytes).
    Removing eeprom.o(.revsh_text), (4 bytes).
    Removing eeprom.o(.rrx_text), (6 bytes).
    Removing eeprom.o(.text), (288 bytes).
    Removing ft6x06.o(.rev16_text), (4 bytes).
    Removing ft6x06.o(.revsh_text), (4 bytes).
    Removing ft6x06.o(.rrx_text), (6 bytes).
    Removing ft6x06.o(.text), (224 bytes).
    Removing launchpad_io.o(.rev16_text), (4 bytes).
    Removing launchpad_io.o(.revsh_text), (4 bytes).
    Removing launchpad_io.o(.rrx_text), (6 bytes).
    Removing launchpad_io.o(.text), (188 bytes).
    Removing lcd.o(.rev16_text), (4 bytes).
    Removing lcd.o(.revsh_text), (4 bytes).
    Removing lcd.o(.rrx_text), (6 bytes).
    Removing ps2.o(.rev16_text), (4 bytes).
    Removing ps2.o(.revsh_text), (4 bytes).
    Removing ps2.o(.rrx_text), (6 bytes).
    Removing serial_debug.o(.rev16_text), (4 bytes).
    Removing serial_debug.o(.revsh_text), (4 bytes).
    Removing serial_debug.o(.rrx_text), (6 bytes).
    Removing spi_select.o(.rev16_text), (4 bytes).
    Removing spi_select.o(.revsh_text), (4 bytes).
    Removing spi_select.o(.rrx_text), (6 bytes).
    Removing spi_select.o(.text), (164 bytes).
    Removing ws2812b.o(FLASH), (160 bytes).
    Removing system_tm4c123.o(.rev16_text), (4 bytes).
    Removing system_tm4c123.o(.revsh_text), (4 bytes).
    Removing system_tm4c123.o(.rrx_text), (6 bytes).
    Removing ddiv.o(.text), (222 bytes).
    Removing dfixul.o(.text), (48 bytes).

71 unused section(s) (total 2714 bytes) removed from the image.

==============================================================================

Image Symbol Table

    Local Symbols

    Symbol Name                              Value     Ov Type        Size  Object(Section)

    RESET                                    0x00000000   Section      620  startup_tm4c123.o(RESET)
    ../clib/microlib/division.c              0x00000000   Number         0  uldiv.o ABSOLUTE
    ../clib/microlib/division.c              0x00000000   Number         0  uidiv.o ABSOLUTE
    ../clib/microlib/init/entry.s            0x00000000   Number         0  entry10a.o ABSOLUTE
    ../clib/microlib/init/entry.s            0x00000000   Number         0  entry9b.o ABSOLUTE
    ../clib/microlib/init/entry.s            0x00000000   Number         0  entry9a.o ABSOLUTE
    ../clib/microlib/init/entry.s            0x00000000   Number         0  entry8b.o ABSOLUTE
    ../clib/microlib/init/entry.s            0x00000000   Number         0  entry8a.o ABSOLUTE
    ../clib/microlib/init/entry.s            0x00000000   Number         0  entry7b.o ABSOLUTE
    ../clib/microlib/init/entry.s            0x00000000   Number         0  entry7a.o ABSOLUTE
    ../clib/microlib/init/entry.s            0x00000000   Number         0  entry.o ABSOLUTE
    ../clib/microlib/init/entry.s            0x00000000   Number         0  entry5.o ABSOLUTE
    ../clib/microlib/init/entry.s            0x00000000   Number         0  entry2.o ABSOLUTE
    ../clib/microlib/init/entry.s            0x00000000   Number         0  entry11b.o ABSOLUTE
    ../clib/microlib/init/entry.s            0x00000000   Number         0  entry11a.o ABSOLUTE
    ../clib/microlib/init/entry.s            0x00000000   Number         0  entry10b.o ABSOLUTE
    ../clib/microlib/longlong.c              0x00000000   Number         0  llushr.o ABSOLUTE
    ../clib/microlib/longlong.c              0x00000000   Number         0  llsshr.o ABSOLUTE
    ../clib/microlib/longlong.c              0x00000000   Number         0  llshl.o ABSOLUTE
    ../clib/microlib/malloc/malloc.c         0x00000000   Number         0  mallocr.o ABSOLUTE
    ../clib/microlib/malloc/malloc.c         0x00000000   Number         0  malloc.o ABSOLUTE
    ../clib/microlib/malloc/malloc.c         0x00000000   Number         0  mallocra.o ABSOLUTE
    ../clib/microlib/malloc/malloc.c         0x00000000   Number         0  malloca.o ABSOLUTE
    ../clib/microlib/malloc/mvars.c          0x00000000   Number         0  mvars.o ABSOLUTE
    ../clib/microlib/printf/printf.c         0x00000000   Number         0  printfa.o ABSOLUTE
    ../clib/microlib/printf/printf.c         0x00000000   Number         0  printf8.o ABSOLUTE
    ../clib/microlib/printf/printf.c         0x00000000   Number         0  printf6.o ABSOLUTE
    ../clib/microlib/printf/printf.c         0x00000000   Number         0  printf7.o ABSOLUTE
    ../clib/microlib/printf/printf.c         0x00000000   Number         0  printf5.o ABSOLUTE
    ../clib/microlib/printf/printf.c         0x00000000   Number         0  printf4.o ABSOLUTE
    ../clib/microlib/printf/printf.c         0x00000000   Number         0  printf3.o ABSOLUTE
    ../clib/microlib/printf/printf.c         0x00000000   Number         0  printf2.o ABSOLUTE
    ../clib/microlib/printf/printf.c         0x00000000   Number         0  printf0.o ABSOLUTE
    ../clib/microlib/printf/printf.c         0x00000000   Number         0  printfb.o ABSOLUTE
    ../clib/microlib/printf/printf.c         0x00000000   Number         0  printf1.o ABSOLUTE
    ../clib/microlib/stdio/streams.c         0x00000000   Number         0  stdout.o ABSOLUTE
    ../clib/microlib/string/memcpy.c         0x00000000   Number         0  memcpya.o ABSOLUTE
    ../clib/microlib/string/memcpy.c         0x00000000   Number         0  memcpyb.o ABSOLUTE
    ../clib/microlib/stubs.s                 0x00000000   Number         0  iusefp.o ABSOLUTE
    ../fplib/microlib/fpadd.c                0x00000000   Number         0  dadd.o ABSOLUTE
    ../fplib/microlib/fpdiv.c                0x00000000   Number         0  ddiv.o ABSOLUTE
    ../fplib/microlib/fpepilogue.c           0x00000000   Number         0  depilogue.o ABSOLUTE
    ../fplib/microlib/fpfix.c                0x00000000   Number         0  dfixul.o ABSOLUTE
    ../fplib/microlib/fpflt.c                0x00000000   Number         0  dfltui.o ABSOLUTE
    ../fplib/microlib/fpmul.c                0x00000000   Number         0  dmul.o ABSOLUTE
    ..\\drivers\\c\\adc.c                    0x00000000   Number         0  adc.o ABSOLUTE
    ..\\drivers\\c\\gpio_port.c              0x00000000   Number         0  gpio_port.o ABSOLUTE
    ..\\drivers\\c\\i2c.c                    0x00000000   Number         0  i2c.o ABSOLUTE
    ..\\drivers\\c\\spi.c                    0x00000000   Number         0  spi.o ABSOLUTE
    ..\\drivers\\c\\timers.c                 0x00000000   Number         0  timers.o ABSOLUTE
    ..\\drivers\\c\\uart.c                   0x00000000   Number         0  uart.o ABSOLUTE
    ..\\peripherals\\c\\accel.c              0x00000000   Number         0  accel.o ABSOLUTE
    ..\\peripherals\\c\\eeprom.c             0x00000000   Number         0  eeprom.o ABSOLUTE
    ..\\peripherals\\c\\ft6x06.c             0x00000000   Number         0  ft6x06.o ABSOLUTE
    ..\\peripherals\\c\\launchpad_io.c       0x00000000   Number         0  launchpad_io.o ABSOLUTE
    ..\\peripherals\\c\\lcd.c                0x00000000   Number         0  lcd.o ABSOLUTE
    ..\\peripherals\\c\\ps2.c                0x00000000   Number         0  ps2.o ABSOLUTE
    ..\\peripherals\\c\\serial_debug.c       0x00000000   Number         0  serial_debug.o ABSOLUTE
    ..\\peripherals\\c\\spi_select.c         0x00000000   Number         0  spi_select.o ABSOLUTE
    ..\drivers\c\adc.c                       0x00000000   Number         0  adc.o ABSOLUTE
    ..\drivers\c\gpio_port.c                 0x00000000   Number         0  gpio_port.o ABSOLUTE
    ..\drivers\c\i2c.c                       0x00000000   Number         0  i2c.o ABSOLUTE
    ..\drivers\c\pc_buffer.c                 0x00000000   Number         0  pc_buffer.o ABSOLUTE
    ..\drivers\c\spi.c                       0x00000000   Number         0  spi.o ABSOLUTE
    ..\drivers\c\timers.c                    0x00000000   Number         0  timers.o ABSOLUTE
    ..\drivers\c\uart.c                      0x00000000   Number         0  uart.o ABSOLUTE
    ..\peripherals\c\accel.c                 0x00000000   Number         0  accel.o ABSOLUTE
    ..\peripherals\c\eeprom.c                0x00000000   Number         0  eeprom.o ABSOLUTE
    ..\peripherals\c\ft6x06.c                0x00000000   Number         0  ft6x06.o ABSOLUTE
    ..\peripherals\c\launchpad_io.c          0x00000000   Number         0  launchpad_io.o ABSOLUTE
    ..\peripherals\c\lcd.c                   0x00000000   Number         0  lcd.o ABSOLUTE
    ..\peripherals\c\ps2.c                   0x00000000   Number         0  ps2.o ABSOLUTE
    ..\peripherals\c\serial_debug.c          0x00000000   Number         0  serial_debug.o ABSOLUTE
    ..\peripherals\c\spi_select.c            0x00000000   Number         0  spi_select.o ABSOLUTE
    ..\peripherals\c\ws2812b.s               0x00000000   Number         0  ws2812b.o ABSOLUTE
    RTE\Device\TM4C123GH6PM\startup_TM4C123.s 0x00000000   Number         0  startup_tm4c123.o ABSOLUTE
    RTE\Device\TM4C123GH6PM\system_TM4C123.c 0x00000000   Number         0  system_tm4c123.o ABSOLUTE
    RTE\\Device\\TM4C123GH6PM\\system_TM4C123.c 0x00000000   Number         0  system_tm4c123.o ABSOLUTE
    Z:\Documents\GitHub\353FinalProject\Project\images.c 0x00000000   Number         0  images.o ABSOLUTE
    cdcmple.s                                0x00000000   Number         0  cdcmple.o ABSOLUTE
    cdrcmple.s                               0x00000000   Number         0  cdrcmple.o ABSOLUTE
    dc.s                                     0x00000000   Number         0  dc.o ABSOLUTE
    handlers.s                               0x00000000   Number         0  handlers.o ABSOLUTE
    hw3.c                                    0x00000000   Number         0  hw3.o ABSOLUTE
    hw3.c                                    0x00000000   Number         0  hw3.o ABSOLUTE
    hw3_staff.c                              0x00000000   Number         0  hw3_staff.o ABSOLUTE
    hw3_staff.c                              0x00000000   Number         0  hw3_staff.o ABSOLUTE
    init.s                                   0x00000000   Number         0  init.o ABSOLUTE
    main.c                                   0x00000000   Number         0  main.o ABSOLUTE
    main.c                                   0x00000000   Number         0  main.o ABSOLUTE
    project_hardware_init.c                  0x00000000   Number         0  project_hardware_init.o ABSOLUTE
    project_hardware_init.c                  0x00000000   Number         0  project_hardware_init.o ABSOLUTE
    project_interrupts.c                     0x00000000   Number         0  project_interrupts.o ABSOLUTE
    project_interrupts.c                     0x00000000   Number         0  project_interrupts.o ABSOLUTE
    .ARM.Collect$$$$00000000                 0x0000026c   Section        0  entry.o(.ARM.Collect$$$$00000000)
    .ARM.Collect$$$$00000001                 0x0000026c   Section        4  entry2.o(.ARM.Collect$$$$00000001)
    .ARM.Collect$$$$00000004                 0x00000270   Section        4  entry5.o(.ARM.Collect$$$$00000004)
    .ARM.Collect$$$$00000008                 0x00000274   Section        0  entry7b.o(.ARM.Collect$$$$00000008)
    .ARM.Collect$$$$0000000A                 0x00000274   Section        0  entry8b.o(.ARM.Collect$$$$0000000A)
    .ARM.Collect$$$$0000000B                 0x00000274   Section        8  entry9a.o(.ARM.Collect$$$$0000000B)
    .ARM.Collect$$$$0000000D                 0x0000027c   Section        0  entry10a.o(.ARM.Collect$$$$0000000D)
    .ARM.Collect$$$$0000000F                 0x0000027c   Section        0  entry11a.o(.ARM.Collect$$$$0000000F)
    .ARM.Collect$$$$00002712                 0x0000027c   Section        4  entry2.o(.ARM.Collect$$$$00002712)
    __lit__00000000                          0x0000027c   Data           4  entry2.o(.ARM.Collect$$$$00002712)
    .text                                    0x00000280   Section        0  main.o(.text)
    .text                                    0x000002c8   Section        0  project_interrupts.o(.text)
    .text                                    0x00000470   Section        0  hw3.o(.text)
    .text                                    0x00000840   Section        0  hw3_staff.o(.text)
    .text                                    0x000008bc   Section        0  adc.o(.text)
    .text                                    0x00000970   Section        0  gpio_port.o(.text)
    verify_base_addr                         0x00000971   Thumb Code    64  gpio_port.o(.text)
    .text                                    0x00000d24   Section        0  pc_buffer.o(.text)
    .text                                    0x00000d98   Section        0  timers.o(.text)
    verify_base_addr                         0x00000d99   Thumb Code    64  timers.o(.text)
    get_clock_masks                          0x00000dd9   Thumb Code   106  timers.o(.text)
    .text                                    0x00000f2c   Section        0  uart.o(.text)
    .text                                    0x00001138   Section        0  lcd.o(.text)
    delayms                                  0x00001139   Thumb Code    26  lcd.o(.text)
    lcd_write_cmd_u8                         0x00001153   Thumb Code    40  lcd.o(.text)
    lcd_write_data_u8                        0x0000117b   Thumb Code    28  lcd.o(.text)
    .text                                    0x000015cc   Section        0  ps2.o(.text)
    initialize_adc_gpio_pins                 0x000015cd   Thumb Code    58  ps2.o(.text)
    .text                                    0x00001634   Section        0  serial_debug.o(.text)
    .text                                    0x0000173c   Section      252  startup_tm4c123.o(.text)
    $v0                                      0x0000173c   Number         0  startup_tm4c123.o(.text)
    .text                                    0x00001838   Section        0  system_tm4c123.o(.text)
    getOscClk                                0x00001839   Thumb Code   182  system_tm4c123.o(.text)
    .text                                    0x00001a88   Section        0  dadd.o(.text)
    .text                                    0x00001bd6   Section        0  dmul.o(.text)
    .text                                    0x00001cba   Section        0  dfltui.o(.text)
    .text                                    0x00001cd4   Section       48  cdcmple.o(.text)
    .text                                    0x00001d04   Section       48  cdrcmple.o(.text)
    .text                                    0x00001d34   Section        0  llshl.o(.text)
    .text                                    0x00001d52   Section        0  llsshr.o(.text)
    .text                                    0x00001d76   Section        0  depilogue.o(.text)
    .text                                    0x00001d76   Section        0  iusefp.o(.text)
    .text                                    0x00001e30   Section       36  init.o(.text)
    .text                                    0x00001e54   Section        0  llushr.o(.text)
    i.__0printf$bare                         0x00001e74   Section        0  printfb.o(i.__0printf$bare)
    i.__scatterload_copy                     0x00001e84   Section       14  handlers.o(i.__scatterload_copy)
    i.__scatterload_null                     0x00001e92   Section        2  handlers.o(i.__scatterload_null)
    i.__scatterload_zeroinit                 0x00001e94   Section       14  handlers.o(i.__scatterload_zeroinit)
    i._printf_core                           0x00001ea2   Section        0  printfb.o(i._printf_core)
    _printf_core                             0x00001ea3   Thumb Code    34  printfb.o(i._printf_core)
    i.lcd_write_data_u16                     0x00001ec4   Section        0  lcd.o(i.lcd_write_data_u16)
    i.malloc                                 0x00001f00   Section        0  malloc.o(i.malloc)
    .constdata                               0x00001f6c   Section       20  hw3_staff.o(.constdata)
    MOVE_AMOUNT                              0x00001f6c   Data          16  hw3_staff.o(.constdata)
    MOV_DIR                                  0x00001f7c   Data           4  hw3_staff.o(.constdata)
    .constdata                               0x00001f80   Section     9478  images.o(.constdata)
    .data                                    0x20000000   Section        9  project_interrupts.o(.data)
    PS2_X_DATA                               0x20000000   Data           2  project_interrupts.o(.data)
    PS2_Y_DATA                               0x20000002   Data           2  project_interrupts.o(.data)
    PS2_DIR                                  0x20000004   Data           1  project_interrupts.o(.data)
    move_count                               0x20000006   Data           2  project_interrupts.o(.data)
    ship_dir                                 0x20000008   Data           1  project_interrupts.o(.data)
    .data                                    0x2000000a   Section       58  hw3.o(.data)
    .data                                    0x20000044   Section        2  hw3_staff.o(.data)
    lfsr                                     0x20000044   Data           2  hw3_staff.o(.data)
    .data                                    0x20000046   Section        2  serial_debug.o(.data)
    Rx_Interrupts_Enabled                    0x20000046   Data           1  serial_debug.o(.data)
    Tx_Interrupts_Enabled                    0x20000047   Data           1  serial_debug.o(.data)
    .data                                    0x20000048   Section        4  system_tm4c123.o(.data)
    .data                                    0x2000004c   Section        4  stdout.o(.data)
    .data                                    0x20000050   Section        4  mvars.o(.data)
    .data                                    0x20000054   Section        4  mvars.o(.data)
    .bss                                     0x20000058   Section       28  serial_debug.o(.bss)
    HEAP                                     0x20000078   Section        0  startup_tm4c123.o(HEAP)
    STACK                                    0x20000078   Section     4096  startup_tm4c123.o(STACK)

    Global Symbols

    Symbol Name                              Value     Ov Type        Size  Object(Section)

    BuildAttributes$$THM_ISAv4$E$P$D$K$B$S$7EM$VFPi3$EXTD16$VFPS$VFMA$PE$A:L22UL41UL21$X:L11$S22US41US21$IEEE1$IW$USESV6$~STKCKD$USESV7$~SHL$OSPACE$ROPI$EBA8$MICROLIB$REQ8$EABIv2 0x00000000   Number         0  anon$$obj.o ABSOLUTE
    __ARM_use_no_argv                        0x00000000   Number         0  main.o ABSOLUTE
    __Vectors                                0x00000000   Data           4  startup_tm4c123.o(RESET)
    __cpp_initialize__aeabi_                  - Undefined Weak Reference
    __cxa_finalize                            - Undefined Weak Reference
    __decompress                              - Undefined Weak Reference
    _clock_init                               - Undefined Weak Reference
    _microlib_exit                            - Undefined Weak Reference
    __Vectors_End                            0x0000026c   Data           0  startup_tm4c123.o(RESET)
    __Vectors_Size                           0x0000026c   Number         0  startup_tm4c123.o ABSOLUTE
    __main                                   0x0000026d   Thumb Code     0  entry.o(.ARM.Collect$$$$00000000)
    _main_stk                                0x0000026d   Thumb Code     0  entry2.o(.ARM.Collect$$$$00000001)
    _main_scatterload                        0x00000271   Thumb Code     0  entry5.o(.ARM.Collect$$$$00000004)
    __main_after_scatterload                 0x00000275   Thumb Code     0  entry5.o(.ARM.Collect$$$$00000004)
    _main_clock                              0x00000275   Thumb Code     0  entry7b.o(.ARM.Collect$$$$00000008)
    _main_cpp_init                           0x00000275   Thumb Code     0  entry8b.o(.ARM.Collect$$$$0000000A)
    _main_init                               0x00000275   Thumb Code     0  entry9a.o(.ARM.Collect$$$$0000000B)
    __rt_final_cpp                           0x0000027d   Thumb Code     0  entry10a.o(.ARM.Collect$$$$0000000D)
    __rt_final_exit                          0x0000027d   Thumb Code     0  entry11a.o(.ARM.Collect$$$$0000000F)
    DisableInterrupts                        0x00000281   Thumb Code     4  main.o(.text)
    EnableInterrupts                         0x00000285   Thumb Code     4  main.o(.text)
    main                                     0x00000289   Thumb Code    50  main.o(.text)
    ps2_get_direction                        0x000002c9   Thumb Code    60  project_interrupts.o(.text)
    TIMER2A_Handler                          0x00000305   Thumb Code    84  project_interrupts.o(.text)
    TIMER3A_Handler                          0x00000359   Thumb Code   134  project_interrupts.o(.text)
    TIMER4A_Handler                          0x000003df   Thumb Code    26  project_interrupts.o(.text)
    ADC0SS2_Handler                          0x000003f9   Thumb Code    44  project_interrupts.o(.text)
    contact_edge                             0x00000471   Thumb Code   328  hw3.o(.text)
    move_image                               0x000005b9   Thumb Code    62  hw3.o(.text)
    check_game_over                          0x000005f7   Thumb Code   280  hw3.o(.text)
    init_hardware                            0x0000070f   Thumb Code    58  hw3.o(.text)
    hw3_main                                 0x00000749   Thumb Code   142  hw3.o(.text)
    generate_random_number                   0x00000841   Thumb Code    48  hw3_staff.o(.text)
    get_new_direction                        0x00000871   Thumb Code    36  hw3_staff.o(.text)
    get_new_move_count                       0x00000895   Thumb Code    28  hw3_staff.o(.text)
    initialize_adc                           0x000008bd   Thumb Code   108  adc.o(.text)
    get_adc_value                            0x00000929   Thumb Code    58  adc.o(.text)
    gpio_get_irq_num                         0x000009b1   Thumb Code    74  gpio_port.o(.text)
    gpio_enable_port                         0x000009fb   Thumb Code   228  gpio_port.o(.text)
    gpio_config_digital_enable               0x00000adf   Thumb Code    42  gpio_port.o(.text)
    gpio_config_enable_output                0x00000b09   Thumb Code    42  gpio_port.o(.text)
    gpio_config_enable_input                 0x00000b33   Thumb Code    42  gpio_port.o(.text)
    gpio_config_enable_pullup                0x00000b5d   Thumb Code    42  gpio_port.o(.text)
    gpio_config_enable_pulldown              0x00000b87   Thumb Code    42  gpio_port.o(.text)
    gpio_config_analog_enable                0x00000bb1   Thumb Code    42  gpio_port.o(.text)
    gpio_config_alternate_function           0x00000bdb   Thumb Code    42  gpio_port.o(.text)
    gpio_config_port_control                 0x00000c05   Thumb Code    60  gpio_port.o(.text)
    gpio_config_open_drain                   0x00000c41   Thumb Code     6  gpio_port.o(.text)
    gpio_config_falling_edge_irq             0x00000c47   Thumb Code     6  gpio_port.o(.text)
    pc_buffer_init                           0x00000d25   Thumb Code    16  pc_buffer.o(.text)
    pc_buffer_add                            0x00000d35   Thumb Code    28  pc_buffer.o(.text)
    pc_buffer_remove                         0x00000d51   Thumb Code    30  pc_buffer.o(.text)
    pc_buffer_empty                          0x00000d6f   Thumb Code    18  pc_buffer.o(.text)
    pc_buffer_full                           0x00000d81   Thumb Code    22  pc_buffer.o(.text)
    gp_timer_wait                            0x00000e43   Thumb Code    78  timers.o(.text)
    gp_timer_config_32                       0x00000e91   Thumb Code   140  timers.o(.text)
    verify_uart_base                         0x00000f2d   Thumb Code    54  uart.o(.text)
    uart_get_rcgc_mask                       0x00000f63   Thumb Code    68  uart.o(.text)
    uart_get_pr_mask                         0x00000fa7   Thumb Code    68  uart.o(.text)
    uart_get_irq_num                         0x00000feb   Thumb Code    68  uart.o(.text)
    uart_tx_poll                             0x0000102f   Thumb Code    38  uart.o(.text)
    uart_tx_poll_string                      0x00001055   Thumb Code    50  uart.o(.text)
    uart_rx_poll                             0x00001087   Thumb Code    70  uart.o(.text)
    uart_init                                0x000010cd   Thumb Code   100  uart.o(.text)
    lcd_set_pos                              0x00001197   Thumb Code    58  lcd.o(.text)
    lcd_clear_screen                         0x000011d1   Thumb Code    52  lcd.o(.text)
    lcd_draw_image                           0x00001205   Thumb Code   242  lcd.o(.text)
    lcd_config_gpio                          0x000012f7   Thumb Code   152  lcd.o(.text)
    lcd_config_screen                        0x0000138f   Thumb Code   568  lcd.o(.text)
    ps2_initialize                           0x00001607   Thumb Code    14  ps2.o(.text)
    ps2_get_x                                0x00001615   Thumb Code    16  ps2.o(.text)
    ps2_get_y                                0x00001625   Thumb Code    16  ps2.o(.text)
    init_serial_debug                        0x00001635   Thumb Code    50  serial_debug.o(.text)
    serial_debug_rx                          0x00001667   Thumb Code    30  serial_debug.o(.text)
    serial_debug_tx                          0x00001685   Thumb Code    22  serial_debug.o(.text)
    fputc                                    0x0000169b   Thumb Code    66  serial_debug.o(.text)
    fgetc                                    0x000016dd   Thumb Code    50  serial_debug.o(.text)
    UART0_Handler                            0x0000170f   Thumb Code    22  serial_debug.o(.text)
    Reset_Handler                            0x0000173d   Thumb Code     8  startup_tm4c123.o(.text)
    NMI_Handler                              0x00001745   Thumb Code     2  startup_tm4c123.o(.text)
    HardFault_Handler                        0x00001747   Thumb Code     2  startup_tm4c123.o(.text)
    MemManage_Handler                        0x00001749   Thumb Code     2  startup_tm4c123.o(.text)
    BusFault_Handler                         0x0000174b   Thumb Code     2  startup_tm4c123.o(.text)
    UsageFault_Handler                       0x0000174d   Thumb Code     2  startup_tm4c123.o(.text)
    SVC_Handler                              0x0000174f   Thumb Code     2  startup_tm4c123.o(.text)
    DebugMon_Handler                         0x00001751   Thumb Code     2  startup_tm4c123.o(.text)
    PendSV_Handler                           0x00001753   Thumb Code     2  startup_tm4c123.o(.text)
    SysTick_Handler                          0x00001755   Thumb Code     2  startup_tm4c123.o(.text)
    GPIOA_Handler                            0x00001757   Thumb Code     2  startup_tm4c123.o(.text)
    GPIOB_Handler                            0x00001759   Thumb Code     2  startup_tm4c123.o(.text)
    GPIOC_Handler                            0x0000175b   Thumb Code     2  startup_tm4c123.o(.text)
    GPIOD_Handler                            0x0000175d   Thumb Code     2  startup_tm4c123.o(.text)
    GPIOE_Handler                            0x0000175f   Thumb Code     2  startup_tm4c123.o(.text)
    UART1_Handler                            0x00001763   Thumb Code     2  startup_tm4c123.o(.text)
    SSI0_Handler                             0x00001765   Thumb Code     2  startup_tm4c123.o(.text)
    I2C0_Handler                             0x00001767   Thumb Code     2  startup_tm4c123.o(.text)
    PMW0_FAULT_Handler                       0x00001769   Thumb Code     2  startup_tm4c123.o(.text)
    PWM0_0_Handler                           0x0000176b   Thumb Code     2  startup_tm4c123.o(.text)
    PWM0_1_Handler                           0x0000176d   Thumb Code     2  startup_tm4c123.o(.text)
    PWM0_2_Handler                           0x0000176f   Thumb Code     2  startup_tm4c123.o(.text)
    QEI0_Handler                             0x00001771   Thumb Code     2  startup_tm4c123.o(.text)
    ADC0SS0_Handler                          0x00001773   Thumb Code     2  startup_tm4c123.o(.text)
    ADC0SS1_Handler                          0x00001775   Thumb Code     2  startup_tm4c123.o(.text)
    ADC0SS3_Handler                          0x00001779   Thumb Code     2  startup_tm4c123.o(.text)
    WDT0_Handler                             0x0000177b   Thumb Code     2  startup_tm4c123.o(.text)
    TIMER0A_Handler                          0x0000177d   Thumb Code     2  startup_tm4c123.o(.text)
    TIMER0B_Handler                          0x0000177f   Thumb Code     2  startup_tm4c123.o(.text)
    TIMER1A_Handler                          0x00001781   Thumb Code     2  startup_tm4c123.o(.text)
    TIMER1B_Handler                          0x00001783   Thumb Code     2  startup_tm4c123.o(.text)
    TIMER2B_Handler                          0x00001787   Thumb Code     2  startup_tm4c123.o(.text)
    COMP0_Handler                            0x00001789   Thumb Code     2  startup_tm4c123.o(.text)
    COMP1_Handler                            0x0000178b   Thumb Code     2  startup_tm4c123.o(.text)
    COMP2_Handler                            0x0000178d   Thumb Code     2  startup_tm4c123.o(.text)
    SYSCTL_Handler                           0x0000178f   Thumb Code     2  startup_tm4c123.o(.text)
    FLASH_Handler                            0x00001791   Thumb Code     2  startup_tm4c123.o(.text)
    GPIOF_Handler                            0x00001793   Thumb Code     2  startup_tm4c123.o(.text)
    GPIOG_Handler                            0x00001795   Thumb Code     2  startup_tm4c123.o(.text)
    GPIOH_Handler                            0x00001797   Thumb Code     2  startup_tm4c123.o(.text)
    UART2_Handler                            0x00001799   Thumb Code     2  startup_tm4c123.o(.text)
    SSI1_Handler                             0x0000179b   Thumb Code     2  startup_tm4c123.o(.text)
    TIMER3B_Handler                          0x0000179f   Thumb Code     2  startup_tm4c123.o(.text)
    I2C1_Handler                             0x000017a1   Thumb Code     2  startup_tm4c123.o(.text)
    QEI1_Handler                             0x000017a3   Thumb Code     2  startup_tm4c123.o(.text)
    CAN0_Handler                             0x000017a5   Thumb Code     2  startup_tm4c123.o(.text)
    CAN1_Handler                             0x000017a7   Thumb Code     2  startup_tm4c123.o(.text)
    CAN2_Handler                             0x000017a9   Thumb Code     2  startup_tm4c123.o(.text)
    HIB_Handler                              0x000017ab   Thumb Code     2  startup_tm4c123.o(.text)
    USB0_Handler                             0x000017ad   Thumb Code     2  startup_tm4c123.o(.text)
    PWM0_3_Handler                           0x000017af   Thumb Code     2  startup_tm4c123.o(.text)
    UDMA_Handler                             0x000017b1   Thumb Code     2  startup_tm4c123.o(.text)
    UDMAERR_Handler                          0x000017b3   Thumb Code     2  startup_tm4c123.o(.text)
    ADC1SS0_Handler                          0x000017b5   Thumb Code     2  startup_tm4c123.o(.text)
    ADC1SS1_Handler                          0x000017b7   Thumb Code     2  startup_tm4c123.o(.text)
    ADC1SS2_Handler                          0x000017b9   Thumb Code     2  startup_tm4c123.o(.text)
    ADC1SS3_Handler                          0x000017bb   Thumb Code     2  startup_tm4c123.o(.text)
    GPIOJ_Handler                            0x000017bd   Thumb Code     2  startup_tm4c123.o(.text)
    GPIOK_Handler                            0x000017bf   Thumb Code     2  startup_tm4c123.o(.text)
    GPIOL_Handler                            0x000017c1   Thumb Code     2  startup_tm4c123.o(.text)
    SSI2_Handler                             0x000017c3   Thumb Code     2  startup_tm4c123.o(.text)
    SSI3_Handler                             0x000017c5   Thumb Code     2  startup_tm4c123.o(.text)
    UART3_Handler                            0x000017c7   Thumb Code     2  startup_tm4c123.o(.text)
    UART4_Handler                            0x000017c9   Thumb Code     2  startup_tm4c123.o(.text)
    UART5_Handler                            0x000017cb   Thumb Code     2  startup_tm4c123.o(.text)
    UART6_Handler                            0x000017cd   Thumb Code     2  startup_tm4c123.o(.text)
    UART7_Handler                            0x000017cf   Thumb Code     2  startup_tm4c123.o(.text)
    I2C2_Handler                             0x000017d1   Thumb Code     2  startup_tm4c123.o(.text)
    I2C3_Handler                             0x000017d3   Thumb Code     2  startup_tm4c123.o(.text)
    TIMER4B_Handler                          0x000017d7   Thumb Code     2  startup_tm4c123.o(.text)
    TIMER5A_Handler                          0x000017d9   Thumb Code     2  startup_tm4c123.o(.text)
    TIMER5B_Handler                          0x000017db   Thumb Code     2  startup_tm4c123.o(.text)
    WTIMER0A_Handler                         0x000017dd   Thumb Code     2  startup_tm4c123.o(.text)
    WTIMER0B_Handler                         0x000017df   Thumb Code     2  startup_tm4c123.o(.text)
    WTIMER1A_Handler                         0x000017e1   Thumb Code     2  startup_tm4c123.o(.text)
    WTIMER1B_Handler                         0x000017e3   Thumb Code     2  startup_tm4c123.o(.text)
    WTIMER2A_Handler                         0x000017e5   Thumb Code     2  startup_tm4c123.o(.text)
    WTIMER2B_Handler                         0x000017e7   Thumb Code     2  startup_tm4c123.o(.text)
    WTIMER3A_Handler                         0x000017e9   Thumb Code     2  startup_tm4c123.o(.text)
    WTIMER3B_Handler                         0x000017eb   Thumb Code     2  startup_tm4c123.o(.text)
    WTIMER4A_Handler                         0x000017ed   Thumb Code     2  startup_tm4c123.o(.text)
    WTIMER4B_Handler                         0x000017ef   Thumb Code     2  startup_tm4c123.o(.text)
    WTIMER5A_Handler                         0x000017f1   Thumb Code     2  startup_tm4c123.o(.text)
    WTIMER5B_Handler                         0x000017f3   Thumb Code     2  startup_tm4c123.o(.text)
    FPU_Handler                              0x000017f5   Thumb Code     2  startup_tm4c123.o(.text)
    I2C4_Handler                             0x000017f7   Thumb Code     2  startup_tm4c123.o(.text)
    I2C5_Handler                             0x000017f9   Thumb Code     2  startup_tm4c123.o(.text)
    GPIOM_Handler                            0x000017fb   Thumb Code     2  startup_tm4c123.o(.text)
    GPION_Handler                            0x000017fd   Thumb Code     2  startup_tm4c123.o(.text)
    QEI2_Handler                             0x000017ff   Thumb Code     2  startup_tm4c123.o(.text)
    GPIOP0_Handler                           0x00001801   Thumb Code     2  startup_tm4c123.o(.text)
    GPIOP1_Handler                           0x00001803   Thumb Code     2  startup_tm4c123.o(.text)
    GPIOP2_Handler                           0x00001805   Thumb Code     2  startup_tm4c123.o(.text)
    GPIOP3_Handler                           0x00001807   Thumb Code     2  startup_tm4c123.o(.text)
    GPIOP4_Handler                           0x00001809   Thumb Code     2  startup_tm4c123.o(.text)
    GPIOP5_Handler                           0x0000180b   Thumb Code     2  startup_tm4c123.o(.text)
    GPIOP6_Handler                           0x0000180d   Thumb Code     2  startup_tm4c123.o(.text)
    GPIOP7_Handler                           0x0000180f   Thumb Code     2  startup_tm4c123.o(.text)
    GPIOQ0_Handler                           0x00001811   Thumb Code     2  startup_tm4c123.o(.text)
    GPIOQ1_Handler                           0x00001813   Thumb Code     2  startup_tm4c123.o(.text)
    GPIOQ2_Handler                           0x00001815   Thumb Code     2  startup_tm4c123.o(.text)
    GPIOQ3_Handler                           0x00001817   Thumb Code     2  startup_tm4c123.o(.text)
    GPIOQ4_Handler                           0x00001819   Thumb Code     2  startup_tm4c123.o(.text)
    GPIOQ5_Handler                           0x0000181b   Thumb Code     2  startup_tm4c123.o(.text)
    GPIOQ6_Handler                           0x0000181d   Thumb Code     2  startup_tm4c123.o(.text)
    GPIOQ7_Handler                           0x0000181f   Thumb Code     2  startup_tm4c123.o(.text)
    GPIOR_Handler                            0x00001821   Thumb Code     2  startup_tm4c123.o(.text)
    GPIOS_Handler                            0x00001823   Thumb Code     2  startup_tm4c123.o(.text)
    PMW1_0_Handler                           0x00001825   Thumb Code     2  startup_tm4c123.o(.text)
    PWM1_1_Handler                           0x00001827   Thumb Code     2  startup_tm4c123.o(.text)
    PWM1_2_Handler                           0x00001829   Thumb Code     2  startup_tm4c123.o(.text)
    PWM1_3_Handler                           0x0000182b   Thumb Code     2  startup_tm4c123.o(.text)
    PWM1_FAULT_Handler                       0x0000182d   Thumb Code     2  startup_tm4c123.o(.text)
    SystemCoreClockUpdate                    0x000018ef   Thumb Code   184  system_tm4c123.o(.text)
    SystemInit                               0x000019a7   Thumb Code   112  system_tm4c123.o(.text)
    __aeabi_dadd                             0x00001a89   Thumb Code   322  dadd.o(.text)
    __aeabi_dsub                             0x00001bcb   Thumb Code     6  dadd.o(.text)
    __aeabi_drsub                            0x00001bd1   Thumb Code     6  dadd.o(.text)
    __aeabi_dmul                             0x00001bd7   Thumb Code   228  dmul.o(.text)
    __aeabi_ui2d                             0x00001cbb   Thumb Code    26  dfltui.o(.text)
    __aeabi_cdcmpeq                          0x00001cd5   Thumb Code     0  cdcmple.o(.text)
    __aeabi_cdcmple                          0x00001cd5   Thumb Code    48  cdcmple.o(.text)
    __aeabi_cdrcmple                         0x00001d05   Thumb Code    48  cdrcmple.o(.text)
    __aeabi_llsl                             0x00001d35   Thumb Code    30  llshl.o(.text)
    _ll_shift_l                              0x00001d35   Thumb Code     0  llshl.o(.text)
    __aeabi_lasr                             0x00001d53   Thumb Code    36  llsshr.o(.text)
    _ll_sshift_r                             0x00001d53   Thumb Code     0  llsshr.o(.text)
    __I$use$fp                               0x00001d77   Thumb Code     0  iusefp.o(.text)
    _double_round                            0x00001d77   Thumb Code    30  depilogue.o(.text)
    _double_epilogue                         0x00001d95   Thumb Code   156  depilogue.o(.text)
    __scatterload                            0x00001e31   Thumb Code    28  init.o(.text)
    __scatterload_rt2                        0x00001e31   Thumb Code     0  init.o(.text)
    __aeabi_llsr                             0x00001e55   Thumb Code    32  llushr.o(.text)
    _ll_ushift_r                             0x00001e55   Thumb Code     0  llushr.o(.text)
    __0printf$bare                           0x00001e75   Thumb Code     8  printfb.o(i.__0printf$bare)
    __1printf$bare                           0x00001e75   Thumb Code     0  printfb.o(i.__0printf$bare)
    __2printf                                0x00001e75   Thumb Code     0  printfb.o(i.__0printf$bare)
    __scatterload_copy                       0x00001e85   Thumb Code    14  handlers.o(i.__scatterload_copy)
    __scatterload_null                       0x00001e93   Thumb Code     2  handlers.o(i.__scatterload_null)
    __scatterload_zeroinit                   0x00001e95   Thumb Code    14  handlers.o(i.__scatterload_zeroinit)
    lcd_write_data_u16                       0x00001ec5   Thumb Code    48  lcd.o(i.lcd_write_data_u16)
    malloc                                   0x00001f01   Thumb Code    92  malloc.o(i.malloc)
    map1Bitmaps                              0x00001f80   Data        7290  images.o(.constdata)
    map1WidthPixels                          0x00003bfa   Data           1  images.o(.constdata)
    map1HeightPixels                         0x00003bfc   Data           2  images.o(.constdata)
    pacmanBitmaps                            0x00003bfe   Data          34  images.o(.constdata)
    pacmanWidthPixels                        0x00003c20   Data           1  images.o(.constdata)
    pacmanHeightPixels                       0x00003c21   Data           1  images.o(.constdata)
    ghostpcBitmaps                           0x00003c22   Data          38  images.o(.constdata)
    ghostpcWidthPixels                       0x00003c48   Data           1  images.o(.constdata)
    ghostpcHeightPixels                      0x00003c49   Data           1  images.o(.constdata)
    pclogoBitmaps                            0x00003c4a   Data        2106  images.o(.constdata)
    pclogoWidthPixels                        0x00004484   Data           1  images.o(.constdata)
    pclogoHeightPixels                       0x00004485   Data           1  images.o(.constdata)
    Region$$Table$$Base                      0x00004488   Number         0  anon$$obj.o(Region$$Table)
    Region$$Table$$Limit                     0x000044a8   Number         0  anon$$obj.o(Region$$Table)
    PACMAN_X_COORD                           0x2000000a   Data           2  hw3.o(.data)
    PACMAN_Y_COORD                           0x2000000c   Data           2  hw3.o(.data)
    GHOST_X_COORD                            0x2000000e   Data           2  hw3.o(.data)
    GHOST_Y_COORD                            0x20000010   Data           2  hw3.o(.data)
    ALERT_PACMAN                             0x20000012   Data           1  hw3.o(.data)
    ALERT_GHOST                              0x20000013   Data           1  hw3.o(.data)
    STUDENT_NAME                             0x20000014   Data          48  hw3.o(.data)
    SystemCoreClock                          0x20000048   Data           4  system_tm4c123.o(.data)
    __stdout                                 0x2000004c   Data           4  stdout.o(.data)
    __microlib_freelist                      0x20000050   Data           4  mvars.o(.data)
    __microlib_freelist_initialised          0x20000054   Data           4  mvars.o(.data)
    UART0_Tx_Buffer                          0x20000058   Data          14  serial_debug.o(.bss)
    UART0_Rx_Buffer                          0x20000066   Data          14  serial_debug.o(.bss)
    __heap_base                              0x20000078   Data           0  startup_tm4c123.o(HEAP)
    __heap_limit                             0x20000078   Data           0  startup_tm4c123.o(HEAP)
    __initial_sp                             0x20001078   Data           0  startup_tm4c123.o(STACK)



==============================================================================

Memory Map of the image

  Image Entry point : 0x0000173d

  Load Region LR_1 (Base: 0x00000000, Size: 0x00004500, Max: 0xffffffff, ABSOLUTE)

    Execution Region ER_RO (Exec base: 0x00000000, Load base: 0x00000000, Size: 0x000044a8, Max: 0xffffffff, ABSOLUTE)

    Exec Addr    Load Addr    Size         Type   Attr      Idx    E Section Name        Object

    0x00000000   0x00000000   0x0000026c   Data   RO          636    RESET               startup_tm4c123.o
    0x0000026c   0x0000026c   0x00000000   Code   RO          671  * .ARM.Collect$$$$00000000  mc_w.l(entry.o)
    0x0000026c   0x0000026c   0x00000004   Code   RO          973    .ARM.Collect$$$$00000001  mc_w.l(entry2.o)
    0x00000270   0x00000270   0x00000004   Code   RO          976    .ARM.Collect$$$$00000004  mc_w.l(entry5.o)
    0x00000274   0x00000274   0x00000000   Code   RO          978    .ARM.Collect$$$$00000008  mc_w.l(entry7b.o)
    0x00000274   0x00000274   0x00000000   Code   RO          980    .ARM.Collect$$$$0000000A  mc_w.l(entry8b.o)
    0x00000274   0x00000274   0x00000008   Code   RO          981    .ARM.Collect$$$$0000000B  mc_w.l(entry9a.o)
    0x0000027c   0x0000027c   0x00000000   Code   RO          983    .ARM.Collect$$$$0000000D  mc_w.l(entry10a.o)
    0x0000027c   0x0000027c   0x00000000   Code   RO          985    .ARM.Collect$$$$0000000F  mc_w.l(entry11a.o)
    0x0000027c   0x0000027c   0x00000004   Code   RO          974    .ARM.Collect$$$$00002712  mc_w.l(entry2.o)
    0x00000280   0x00000280   0x00000048   Code   RO            4    .text               main.o
    0x000002c8   0x000002c8   0x000001a8   Code   RO          145    .text               project_interrupts.o
    0x00000470   0x00000470   0x000003d0   Code   RO          171    .text               hw3.o
    0x00000840   0x00000840   0x0000007c   Code   RO          201    .text               hw3_staff.o
    0x000008bc   0x000008bc   0x000000b4   Code   RO          228    .text               adc.o
    0x00000970   0x00000970   0x000003b4   Code   RO          252    .text               gpio_port.o
    0x00000d24   0x00000d24   0x00000072   Code   RO          300    .text               pc_buffer.o
    0x00000d96   0x00000d96   0x00000002   PAD
    0x00000d98   0x00000d98   0x00000194   Code   RO          348    .text               timers.o
    0x00000f2c   0x00000f2c   0x0000020c   Code   RO          372    .text               uart.o
    0x00001138   0x00001138   0x00000494   Code   RO          507    .text               lcd.o
    0x000015cc   0x000015cc   0x00000068   Code   RO          537    .text               ps2.o
    0x00001634   0x00001634   0x00000108   Code   RO          561    .text               serial_debug.o
    0x0000173c   0x0000173c   0x000000fc   Code   RO          637  * .text               startup_tm4c123.o
    0x00001838   0x00001838   0x00000250   Code   RO          644    .text               system_tm4c123.o
    0x00001a88   0x00001a88   0x0000014e   Code   RO          963    .text               mf_w.l(dadd.o)
    0x00001bd6   0x00001bd6   0x000000e4   Code   RO          965    .text               mf_w.l(dmul.o)
    0x00001cba   0x00001cba   0x0000001a   Code   RO          967    .text               mf_w.l(dfltui.o)
    0x00001cd4   0x00001cd4   0x00000030   Code   RO          969    .text               mf_w.l(cdcmple.o)
    0x00001d04   0x00001d04   0x00000030   Code   RO          971    .text               mf_w.l(cdrcmple.o)
    0x00001d34   0x00001d34   0x0000001e   Code   RO          991    .text               mc_w.l(llshl.o)
    0x00001d52   0x00001d52   0x00000024   Code   RO          993    .text               mc_w.l(llsshr.o)
    0x00001d76   0x00001d76   0x00000000   Code   RO         1001    .text               mc_w.l(iusefp.o)
    0x00001d76   0x00001d76   0x000000ba   Code   RO         1002    .text               mf_w.l(depilogue.o)
    0x00001e30   0x00001e30   0x00000024   Code   RO         1008    .text               mc_w.l(init.o)
    0x00001e54   0x00001e54   0x00000020   Code   RO         1010    .text               mc_w.l(llushr.o)
    0x00001e74   0x00001e74   0x00000010   Code   RO          676    i.__0printf$bare    mc_w.l(printfb.o)
    0x00001e84   0x00001e84   0x0000000e   Code   RO         1014    i.__scatterload_copy  mc_w.l(handlers.o)
    0x00001e92   0x00001e92   0x00000002   Code   RO         1015    i.__scatterload_null  mc_w.l(handlers.o)
    0x00001e94   0x00001e94   0x0000000e   Code   RO         1016    i.__scatterload_zeroinit  mc_w.l(handlers.o)
    0x00001ea2   0x00001ea2   0x00000022   Code   RO          683    i._printf_core      mc_w.l(printfb.o)
    0x00001ec4   0x00001ec4   0x0000003c   Code   RO          525    i.lcd_write_data_u16  lcd.o
    0x00001f00   0x00001f00   0x0000006c   Code   RO          936    i.malloc            mc_w.l(malloc.o)
    0x00001f6c   0x00001f6c   0x00000014   Data   RO          202    .constdata          hw3_staff.o
    0x00001f80   0x00001f80   0x00002506   Data   RO          622    .constdata          images.o
    0x00004486   0x00004486   0x00000002   PAD
    0x00004488   0x00004488   0x00000020   Data   RO         1012    Region$$Table       anon$$obj.o


    Execution Region ER_RW (Exec base: 0x20000000, Load base: 0x000044a8, Size: 0x00000058, Max: 0xffffffff, ABSOLUTE)

    Exec Addr    Load Addr    Size         Type   Attr      Idx    E Section Name        Object

    0x20000000   0x000044a8   0x00000009   Data   RW          146    .data               project_interrupts.o
    0x20000009   0x000044b1   0x00000001   PAD
    0x2000000a   0x000044b2   0x0000003a   Data   RW          172    .data               hw3.o
    0x20000044   0x000044ec   0x00000002   Data   RW          203    .data               hw3_staff.o
    0x20000046   0x000044ee   0x00000002   Data   RW          563    .data               serial_debug.o
    0x20000048   0x000044f0   0x00000004   Data   RW          645    .data               system_tm4c123.o
    0x2000004c   0x000044f4   0x00000004   Data   RW          674    .data               mc_w.l(stdout.o)
    0x20000050   0x000044f8   0x00000004   Data   RW          999    .data               mc_w.l(mvars.o)
    0x20000054   0x000044fc   0x00000004   Data   RW         1000    .data               mc_w.l(mvars.o)


    Execution Region ER_ZI (Exec base: 0x20000058, Load base: 0x00004500, Size: 0x00001020, Max: 0xffffffff, ABSOLUTE)

    Exec Addr    Load Addr    Size         Type   Attr      Idx    E Section Name        Object

    0x20000058        -       0x0000001c   Zero   RW          562    .bss                serial_debug.o
    0x20000074   0x00004500   0x00000004   PAD
    0x20000078        -       0x00000000   Zero   RW          635    HEAP                startup_tm4c123.o
    0x20000078        -       0x00001000   Zero   RW          634    STACK               startup_tm4c123.o


==============================================================================

Image component sizes


      Code (inc. data)   RO Data    RW Data    ZI Data      Debug   Object Name

       180         14          0          0          0       1435   adc.o
       948        216          0          0          0       5046   gpio_port.o
       976        118          0         58          0       3707   hw3.o
       124         12         20          2          0       1494   hw3_staff.o
         0          0       9478          0          0       1127   images.o
      1232         36          0          0          0       3769   lcd.o
        72         14          0          0          0      28435   main.o
       114          0          0          0          0       2371   pc_buffer.o
       424         76          0          9          0       1908   project_interrupts.o
       104          0          0          0          0        929   ps2.o
       264         24          0          2         28       5289   serial_debug.o
       252         10        620          0       4096       5428   startup_tm4c123.o
       592        138          0          4          0       1529   system_tm4c123.o
       404         16          0          0          0       2087   timers.o
       524         40          0          0          0       3148   uart.o

    ----------------------------------------------------------------------
      6212        714      10152         76       4128      67702   Object Totals
         0          0         32          0          0          0   (incl. Generated)
         2          0          2          1          4          0   (incl. Padding)

    ----------------------------------------------------------------------

      Code (inc. data)   RO Data    RW Data    ZI Data      Debug   Library Member Name

         0          0          0          0          0          0   entry.o
         0          0          0          0          0          0   entry10a.o
         0          0          0          0          0          0   entry11a.o
         8          4          0          0          0          0   entry2.o
         4          0          0          0          0          0   entry5.o
         0          0          0          0          0          0   entry7b.o
         0          0          0          0          0          0   entry8b.o
         8          4          0          0          0          0   entry9a.o
        30          0          0          0          0          0   handlers.o
        36          8          0          0          0         68   init.o
         0          0          0          0          0          0   iusefp.o
        30          0          0          0          0         68   llshl.o
        36          0          0          0          0         68   llsshr.o
        32          0          0          0          0         68   llushr.o
       108         16          0          0          0         84   malloc.o
         0          0          0          8          0          0   mvars.o
        50          8          0          0          0        152   printfb.o
         0          0          0          4          0          0   stdout.o
        48          0          0          0          0         68   cdcmple.o
        48          0          0          0          0         68   cdrcmple.o
       334          0          0          0          0        148   dadd.o
       186          0          0          0          0        176   depilogue.o
        26          0          0          0          0         76   dfltui.o
       228          0          0          0          0         96   dmul.o

    ----------------------------------------------------------------------
      1212         40          0         12          0       1140   Library Totals
         0          0          0          0          0          0   (incl. Padding)

    ----------------------------------------------------------------------

      Code (inc. data)   RO Data    RW Data    ZI Data      Debug   Library Name

       342         40          0         12          0        508   mc_w.l
       870          0          0          0          0        632   mf_w.l

    ----------------------------------------------------------------------
      1212         40          0         12          0       1140   Library Totals

    ----------------------------------------------------------------------

==============================================================================


      Code (inc. data)   RO Data    RW Data    ZI Data      Debug   

      7424        754      10152         88       4128      66474   Grand Totals
      7424        754      10152         88       4128      66474   ELF Image Totals
      7424        754      10152         88          0          0   ROM Totals

==============================================================================

    Total RO  Size (Code + RO Data)                17576 (  17.16kB)
    Total RW  Size (RW Data + ZI Data)              4216 (   4.12kB)
    Total ROM Size (Code + RO Data + RW Data)      17664 (  17.25kB)

==============================================================================

